Archive member included to satisfy reference by file (symbol)

C:/NXP/S32DS_ARM_v2018.R1/S32DS/arm32_ewl2/lib/thumb/v7e-m\libc99.a(exit.o)
                              C:/NXP/S32DS_ARM_v2018.R1/S32DS/arm32_ewl2/lib/thumb/v7e-m/__arm_start.o (exit)
C:/NXP/S32DS_ARM_v2018.R1/S32DS/arm32_ewl2/lib/thumb/v7e-m\libc99.a(memset.o)
                              C:/NXP/S32DS_ARM_v2018.R1/S32DS/arm32_ewl2/lib/thumb/v7e-m/__arm_start.o (memset)
C:/NXP/S32DS_ARM_v2018.R1/S32DS/arm32_ewl2/lib/thumb/v7e-m\libc99.a(__filll_mem.o)
                              C:/NXP/S32DS_ARM_v2018.R1/S32DS/arm32_ewl2/lib/thumb/v7e-m\libc99.a(memset.o) (__fill_mem)
C:/NXP/S32DS_ARM_v2018.R1/S32DS/arm32_ewl2/lib/thumb/v7e-m\librt.a(gcc_ctor_dtor.o)
                              C:/NXP/S32DS_ARM_v2018.R1/S32DS/arm32_ewl2/lib/thumb/v7e-m/__arm_start.o (__init_cpp)
C:/NXP/S32DS_ARM_v2018.R1/S32DS/arm32_ewl2/lib/thumb/v7e-m\librt.a(__arm_eabi_init.o)
                              C:/NXP/S32DS_ARM_v2018.R1/S32DS/arm32_ewl2/lib/thumb/v7e-m\libc99.a(exit.o) (__destroy_global_chain)
C:/NXP/S32DS_ARM_v2018.R1/S32DS/arm32_ewl2/lib/thumb/v7e-m\librt.a(ROMCopy.o)
                              C:/NXP/S32DS_ARM_v2018.R1/S32DS/arm32_ewl2/lib/thumb/v7e-m/__arm_start.o (__copy_rom_sections_to_ram)

Allocating common symbols
Common symbol       size              file

g_xtal0ClkFreq      0x4               ./SDK/platform/drivers/src/clock/S32K1xx/clock_S32K1xx.o
recvBuff2           0x4c              ./Sources/main.o
canCom1_State       0x114             ./Generated_Code/canCom1.o
recvBuff1           0x4c              ./Sources/main.o
g_RtcClkInFreq      0x4               ./SDK/platform/drivers/src/clock/S32K1xx/clock_S32K1xx.o
gPowerManagerState  0x10              ./SDK/platform/drivers/src/power/S32K1xx/power_manager_S32K1xx.o
g_TClkFreq          0xc               ./SDK/platform/drivers/src/clock/S32K1xx/clock_S32K1xx.o
filterTable         0x80              ./Sources/main.o
dmaController1_State
                    0x40              ./Generated_Code/dmaController1.o
dmaController1Chn0_State
                    0x10              ./Generated_Code/dmaController1.o

Discarded input sections

 .text          0x00000000        0x0 C:/NXP/S32DS_ARM_v2018.R1/S32DS/arm32_ewl2/lib/thumb/v7e-m/__arm_start.o
 .data          0x00000000        0x0 C:/NXP/S32DS_ARM_v2018.R1/S32DS/arm32_ewl2/lib/thumb/v7e-m/__arm_start.o
 .bss           0x00000000        0x0 C:/NXP/S32DS_ARM_v2018.R1/S32DS/arm32_ewl2/lib/thumb/v7e-m/__arm_start.o
 .text.__thumb_startup
                0x00000000       0x3c C:/NXP/S32DS_ARM_v2018.R1/S32DS/arm32_ewl2/lib/thumb/v7e-m/__arm_start.o
 .text.__iar_program_start
                0x00000000        0x4 C:/NXP/S32DS_ARM_v2018.R1/S32DS/arm32_ewl2/lib/thumb/v7e-m/__arm_start.o
 .bss.argv      0x00000000        0x4 C:/NXP/S32DS_ARM_v2018.R1/S32DS/arm32_ewl2/lib/thumb/v7e-m/__arm_start.o
 .debug_info    0x00000000      0x126 C:/NXP/S32DS_ARM_v2018.R1/S32DS/arm32_ewl2/lib/thumb/v7e-m/__arm_start.o
 .debug_abbrev  0x00000000       0xbe C:/NXP/S32DS_ARM_v2018.R1/S32DS/arm32_ewl2/lib/thumb/v7e-m/__arm_start.o
 .debug_aranges
                0x00000000       0x28 C:/NXP/S32DS_ARM_v2018.R1/S32DS/arm32_ewl2/lib/thumb/v7e-m/__arm_start.o
 .debug_line    0x00000000       0x67 C:/NXP/S32DS_ARM_v2018.R1/S32DS/arm32_ewl2/lib/thumb/v7e-m/__arm_start.o
 .debug_str     0x00000000      0x246 C:/NXP/S32DS_ARM_v2018.R1/S32DS/arm32_ewl2/lib/thumb/v7e-m/__arm_start.o
 .comment       0x00000000       0xa2 C:/NXP/S32DS_ARM_v2018.R1/S32DS/arm32_ewl2/lib/thumb/v7e-m/__arm_start.o
 .debug_frame   0x00000000       0x30 C:/NXP/S32DS_ARM_v2018.R1/S32DS/arm32_ewl2/lib/thumb/v7e-m/__arm_start.o
 .ARM.attributes
                0x00000000       0x33 C:/NXP/S32DS_ARM_v2018.R1/S32DS/arm32_ewl2/lib/thumb/v7e-m/__arm_start.o
 .group         0x00000000        0x8 ./Sources/main.o
 .group         0x00000000        0x8 ./Sources/main.o
 .group         0x00000000        0x8 ./Sources/main.o
 .group         0x00000000        0x8 ./Sources/main.o
 .group         0x00000000        0x8 ./Sources/main.o
 .group         0x00000000        0x8 ./Sources/main.o
 .group         0x00000000        0x8 ./Sources/main.o
 .group         0x00000000        0x8 ./Sources/main.o
 .group         0x00000000        0x8 ./Sources/main.o
 .group         0x00000000        0x8 ./Sources/main.o
 .group         0x00000000        0x8 ./Sources/main.o
 .group         0x00000000        0x8 ./Sources/main.o
 .group         0x00000000        0x8 ./Sources/main.o
 .group         0x00000000        0x8 ./Sources/main.o
 .group         0x00000000        0x8 ./Sources/main.o
 .group         0x00000000        0x8 ./Sources/main.o
 .group         0x00000000        0x8 ./Sources/main.o
 .group         0x00000000        0x8 ./Sources/main.o
 .group         0x00000000        0x8 ./Sources/main.o
 .group         0x00000000        0x8 ./Sources/main.o
 .group         0x00000000        0x8 ./Sources/main.o
[...]
Memory Configuration

Name             Origin             Length             Attributes
m_interrupts     0x00000000         0x00000400         xr
m_flash_config   0x00000400         0x00000010         xr
m_text           0x00000410         0x0007fbf0         xr
m_data           0x1fff8000         0x00008000         rw
m_data_2         0x20000000         0x00007000         rw
*default*        0x00000000         0xffffffff

Linker script and memory map

LOAD C:/NXP/S32DS_ARM_v2018.R1/S32DS/arm32_ewl2/lib/thumb/v7e-m/__arm_start.o
LOAD ./Sources/main.o
LOAD ./SDK/rtos/osif/osif_baremetal.o
LOAD ./SDK/platform/drivers/src/power/power_manager.o
LOAD ./SDK/platform/drivers/src/power/S32K1xx/power_smc_hw_access.o
LOAD ./SDK/platform/drivers/src/power/S32K1xx/power_manager_S32K1xx.o
LOAD ./SDK/platform/drivers/src/pins/pins_port_hw_access.o
LOAD ./SDK/platform/drivers/src/pins/pins_driver.o
LOAD ./SDK/platform/drivers/src/interrupt/interrupt_manager.o
LOAD ./SDK/platform/drivers/src/flexcan/flexcan_irq.o
LOAD ./SDK/platform/drivers/src/flexcan/flexcan_hw_access.o
LOAD ./SDK/platform/drivers/src/flexcan/flexcan_driver.o
LOAD ./SDK/platform/drivers/src/edma/edma_irq.o
LOAD ./SDK/platform/drivers/src/edma/edma_hw_access.o
LOAD ./SDK/platform/drivers/src/edma/edma_driver.o
LOAD ./SDK/platform/drivers/src/clock/S32K1xx/clock_S32K1xx.o
LOAD ./SDK/platform/devices/startup.o
LOAD ./SDK/platform/devices/S32K144/startup/system_S32K144.o
LOAD ./Project_Settings/Startup_Code/startup_S32K144.o
LOAD ./Generated_Code/pwrMan1.o
LOAD ./Generated_Code/pin_mux.o
LOAD ./Generated_Code/dmaController1.o
LOAD ./Generated_Code/clockMan1.o
LOAD ./Generated_Code/canCom1.o
LOAD ./Generated_Code/Cpu.o
START GROUP
LOAD C:/NXP/S32DS_ARM_v2018.R1/S32DS/arm32_ewl2/lib/thumb/v7e-m\libc99.a
LOAD C:/NXP/S32DS_ARM_v2018.R1/S32DS/arm32_ewl2/lib/thumb/v7e-m\libm.a
LOAD c:/nxp/s32ds_arm_v2018.r1/cross_tools/gcc-6.3-arm32-eabi/bin/../lib/gcc/arm-none-eabi/6.3.1/thumb/v7e-m\libgcc.a
LOAD C:/NXP/S32DS_ARM_v2018.R1/S32DS/arm32_ewl2/lib/thumb/v7e-m\librt.a
LOAD C:/NXP/S32DS_ARM_v2018.R1/S32DS/arm32_ewl2/lib/thumb/v7e-m\libnoio.a
END GROUP
LOAD C:/NXP/S32DS_ARM_v2018.R1/S32DS/arm32_ewl2/lib/thumb/v7e-m/__arm_end.o
                0x00000400                HEAP_SIZE = DEFINED (__heap_size__)?__heap_size__:0x400
                0x00000400                STACK_SIZE = DEFINED (__stack_size__)?__stack_size__:0x400
                0x00000400                M_VECTOR_RAM_SIZE = DEFINED (__flash_vector_table__)?0x0:0x400

.interrupts     0x00000000      0x400
                0x00000000                __VECTOR_TABLE = .
                0x00000000                __interrupts_start__ = .
                0x00000000                . = ALIGN (0x4)
 *(.isr_vector)
 .isr_vector    0x00000000      0x400 ./Project_Settings/Startup_Code/startup_S32K144.o
                0x00000000                __isr_vector
                0x00000400                __interrupts_end__ = .
                0x00000400                . = ALIGN (0x4)

.flash_config   0x00000400       0x10
                0x00000400                . = ALIGN (0x4)
 *(.FlashConfig)
 .FlashConfig   0x00000400       0x10 ./Project_Settings/Startup_Code/startup_S32K144.o
                0x00000410                . = ALIGN (0x4)

.text           0x00000410     0x6ff8
                0x00000410                . = ALIGN (0x4)
 *(.text)
 .text          0x00000410       0x6c ./Project_Settings/Startup_Code/startup_S32K144.o
                0x00000410                Reset_Handler
                0x00000478                DebugMon_Handler
                0x00000478                Reserved88_IRQHandler
                0x00000478                HardFault_Handler
                0x00000478                Reserved86_IRQHandler
                0x00000478                Reserved103_IRQHandler
                0x00000478                FTM2_Ovf_Reload_IRQHandler
                0x00000478                Reserved50_IRQHandler
                0x00000478                FTFC_Fault_IRQHandler
                0x00000478                FTM0_Ch6_Ch7_IRQHandler
                0x00000478                Reserved114_IRQHandler
                0x00000478                PendSV_Handler
                0x00000478                NMI_Handler
                0x00000478                Reserved89_IRQHandler
                0x00000478                ERM_double_fault_IRQHandler
                0x00000478                Reserved59_IRQHandler
                0x00000478                LPIT0_Ch0_IRQHandler
                0x00000478                Reserved99_IRQHandler
                0x00000478                FTM3_Ch6_Ch7_IRQHandler
                0x00000478                LPIT0_Ch3_IRQHandler
                0x00000478                Reserved92_IRQHandler
                0x00000478                FTM0_Ch4_Ch5_IRQHandler
                0x00000478                FTM3_Ch0_Ch1_IRQHandler
                0x00000478                SWI_IRQHandler
                0x00000478                ADC0_IRQHandler
                0x00000478                FTM2_Ch4_Ch5_IRQHandler
                0x00000478                UsageFault_Handler
                0x00000478                FTM0_Ovf_Reload_IRQHandler
                0x00000478                DefaultISR
                0x00000478                Reserved58_IRQHandler
                0x00000478                FTM1_Ch2_Ch3_IRQHandler
                0x00000478                Reserved82_IRQHandler
                0x00000478                LPI2C0_Slave_IRQHandler
                0x00000478                Reserved71_IRQHandler
                0x00000478                PORTD_IRQHandler
                0x00000478                Reserved69_IRQHandler
                0x00000478                PORTB_IRQHandler
                0x00000478                Reserved70_IRQHandler
                0x00000478                ADC1_IRQHandler
                0x00000478                FTM2_Ch2_Ch3_IRQHandler
                0x00000478                Reserved53_IRQHandler
                0x00000478                RTC_IRQHandler
                0x00000478                PDB0_IRQHandler
                0x00000478                Reserved54_IRQHandler
                0x00000478                FTM2_Ch6_Ch7_IRQHandler
                0x00000478                FTM3_Ch2_Ch3_IRQHandler
                0x00000478                FTM2_Ch0_Ch1_IRQHandler
                0x00000478                LPSPI1_IRQHandler
                0x00000478                LPUART1_RxTx_IRQHandler
                0x00000478                RTC_Seconds_IRQHandler
                0x00000478                Reserved72_IRQHandler
                0x00000478                Reserved110_IRQHandler
                0x00000478                Reserved107_IRQHandler
                0x00000478                Read_Collision_IRQHandler
                0x00000478                FTFC_IRQHandler
                0x00000478                FTM1_Ch6_Ch7_IRQHandler
                0x00000478                Reserved105_IRQHandler
                0x00000478                LPIT0_Ch1_IRQHandler
                0x00000478                FTM1_Ch4_Ch5_IRQHandler
                0x00000478                FTM3_Ovf_Reload_IRQHandler
                0x00000478                LPUART2_RxTx_IRQHandler
                0x00000478                LPSPI0_IRQHandler
                0x00000478                WDOG_EWM_IRQHandler
                0x00000478                MemManage_Handler
                0x00000478                Reserved90_IRQHandler
                0x00000478                Reserved83_IRQHandler
                0x00000478                FTM0_Fault_IRQHandler
                0x00000478                Reserved48_IRQHandler
                0x00000478                SVC_Handler
                0x00000478                ERM_single_fault_IRQHandler
                0x00000478                FTM2_Fault_IRQHandler
                0x00000478                FTM0_Ch2_Ch3_IRQHandler
                0x00000478                FTM0_Ch0_Ch1_IRQHandler
                0x00000478                FTM3_Fault_IRQHandler
                0x00000478                RCM_IRQHandler
                0x00000478                Reserved100_IRQHandler
                0x00000478                Reserved91_IRQHandler
                0x00000478                SCG_IRQHandler
                0x00000478                PDB1_IRQHandler
                0x00000478                Reserved81_IRQHandler
                0x00000478                Reserved46_IRQHandler
                0x00000478                Reserved45_IRQHandler
                0x00000478                Reserved112_IRQHandler
                0x00000478                LPI2C0_Master_IRQHandler
                0x00000478                FTM1_Fault_IRQHandler
                0x00000478                Reserved106_IRQHandler
                0x00000478                LVD_LVW_IRQHandler
                0x00000478                LPIT0_Ch2_IRQHandler
                0x00000478                PORTA_IRQHandler
                0x00000478                MCM_IRQHandler
                0x00000478                LPSPI2_IRQHandler
                0x00000478                FTM3_Ch4_Ch5_IRQHandler
                0x00000478                PORTE_IRQHandler
                0x00000478                LPUART0_RxTx_IRQHandler
                0x00000478                LPTMR0_IRQHandler
                0x00000478                BusFault_Handler
                0x00000478                Reserved87_IRQHandler
                0x00000478                FTM1_Ovf_Reload_IRQHandler
                0x00000478                Reserved93_IRQHandler
                0x00000478                CMP0_IRQHandler
                0x00000478                Reserved52_IRQHandler
                0x00000478                PORTC_IRQHandler
                0x00000478                FTM1_Ch0_Ch1_IRQHandler
                0x00000478                FLEXIO_IRQHandler
                0x00000478                Reserved113_IRQHandler
 *(.text*)
 .text.buttonISR
                0x0000047c       0x80 ./Sources/main.o
                0x0000047c                buttonISR
 .text.SendCANData
                0x000004fc       0x4a ./Sources/main.o
                0x000004fc                SendCANData
 *fill*         0x00000546        0x2 
 .text.BoardInit
                0x00000548       0x4c ./Sources/main.o
                0x00000548                BoardInit
 .text.GPIOInit
                0x00000594       0x5c ./Sources/main.o
                0x00000594                GPIOInit
 .text.flexcan0_Callback
                0x000005f0       0x64 ./Sources/main.o
                0x000005f0                flexcan0_Callback
 .text.main     0x00000654      0x174 ./Sources/main.o
                0x00000654                main
 .text.osif_Tick
                0x000007c8       0x1c ./SDK/rtos/osif/osif_baremetal.o
 .text.SysTick_Handler
                0x000007e4        0xc ./SDK/rtos/osif/osif_baremetal.o
                0x000007e4                SysTick_Handler
 .text.osif_DisableIrqGlobal
                0x000007f0        0xc ./SDK/rtos/osif/osif_baremetal.o
 .text.osif_EnableIrqGlobal
                0x000007fc        0xc ./SDK/rtos/osif/osif_baremetal.o
 .text.OSIF_SemaPost
                0x00000808       0x3c ./SDK/rtos/osif/osif_baremetal.o
                0x00000808                OSIF_SemaPost
 .text.OSIF_SemaCreate
                0x00000844       0x24 ./SDK/rtos/osif/osif_baremetal.o
                0x00000844                OSIF_SemaCreate
 .text.OSIF_SemaDestroy
                0x00000868       0x14 ./SDK/rtos/osif/osif_baremetal.o
                0x00000868                OSIF_SemaDestroy
 .text.POWER_SYS_Init
                0x0000087c       0x64 ./SDK/platform/drivers/src/power/power_manager.o
                0x0000087c                POWER_SYS_Init
 .text.POWER_SYS_CallbacksManagement
                0x000008e0       0xe0 ./SDK/platform/drivers/src/power/power_manager.o
 .text.POWER_SYS_SetMode
                0x000009c0       0xc0 ./SDK/platform/drivers/src/power/power_manager.o
                0x000009c0                POWER_SYS_SetMode
 .text.SMC_SetRunModeControl
                0x00000a80       0x38 ./SDK/platform/drivers/src/power/S32K1xx/power_smc_hw_access.o
 .text.SMC_SetStopModeControl
                0x00000ab8       0x36 ./SDK/platform/drivers/src/power/S32K1xx/power_smc_hw_access.o
 .text.SMC_SetStopOption
                0x00000aee       0x36 ./SDK/platform/drivers/src/power/S32K1xx/power_smc_hw_access.o
 .text.SMC_GetPowerModeStatus
                0x00000b24       0x62 ./SDK/platform/drivers/src/power/S32K1xx/power_smc_hw_access.o
 *fill*         0x00000b86        0x2 
 .text.SMC_SetPowerMode
                0x00000b88      0x118 ./SDK/platform/drivers/src/power/S32K1xx/power_smc_hw_access.o
                0x00000b88                SMC_SetPowerMode
 .text.SMC_SetProtectionMode
                0x00000ca0       0x3e ./SDK/platform/drivers/src/power/S32K1xx/power_smc_hw_access.o
                0x00000ca0                SMC_SetProtectionMode
 .text.SMC_WaitForStatChange
                0x00000cde       0x66 ./SDK/platform/drivers/src/power/S32K1xx/power_smc_hw_access.o
 .text.SMC_GetPowerModeStatus
                0x00000d44       0x62 ./SDK/platform/drivers/src/power/S32K1xx/power_manager_S32K1xx.o
 *fill*         0x00000da6        0x2 
 .text.SCG_SetEnableSPLL
                0x00000da8       0x40 ./SDK/platform/drivers/src/power/S32K1xx/power_manager_S32K1xx.o
 .text.SCG_GetEnableSPLL
                0x00000de8       0x30 ./SDK/platform/drivers/src/power/S32K1xx/power_manager_S32K1xx.o
 .text.SCG_GetHsrunSelectSPLL
                0x00000e18       0x30 ./SDK/platform/drivers/src/power/S32K1xx/power_manager_S32K1xx.o
 .text.SCG_SetEnableFIRC
                0x00000e48       0x40 ./SDK/platform/drivers/src/power/S32K1xx/power_manager_S32K1xx.o
 .text.SCG_GetEnableFIRC
                0x00000e88       0x30 ./SDK/platform/drivers/src/power/S32K1xx/power_manager_S32K1xx.o
 .text.SCG_SetEnableSOSC
                0x00000eb8       0x40 ./SDK/platform/drivers/src/power/S32K1xx/power_manager_S32K1xx.o
 .text.SCG_GetEnableSOSC
                0x00000ef8       0x30 ./SDK/platform/drivers/src/power/S32K1xx/power_manager_S32K1xx.o
 .text.POWER_SYS_DoInit
                0x00000f28       0x74 ./SDK/platform/drivers/src/power/S32K1xx/power_manager_S32K1xx.o
                0x00000f28                POWER_SYS_DoInit
 .text.POWER_SYS_DoSetMode
                0x00000f9c       0x30 ./SDK/platform/drivers/src/power/S32K1xx/power_manager_S32K1xx.o
                0x00000f9c                POWER_SYS_DoSetMode
 .text.POWER_SYS_GetCurrentMode
                0x00000fcc       0x44 ./SDK/platform/drivers/src/power/S32K1xx/power_manager_S32K1xx.o
                0x00000fcc                POWER_SYS_GetCurrentMode
 .text.POWER_SYS_SwitchToRunningPowerMode
                0x00001010      0x140 ./SDK/platform/drivers/src/power/S32K1xx/power_manager_S32K1xx.o
 .text.POWER_SYS_SwitchToSleepingPowerMode
                0x00001150      0x134 ./SDK/platform/drivers/src/power/S32K1xx/power_manager_S32K1xx.o
 .text.POWER_DRV_SwitchVlprClk
                0x00001284       0x42 ./SDK/platform/drivers/src/power/S32K1xx/power_manager_S32K1xx.o
 .text.POWER_DRV_UpdateInitClk
                0x000012c6       0x22 ./SDK/platform/drivers/src/power/S32K1xx/power_manager_S32K1xx.o
 .text.POWER_DRV_EnableVlpClockSrc
                0x000012e8       0x34 ./SDK/platform/drivers/src/power/S32K1xx/power_manager_S32K1xx.o
 .text.POWER_DRV_DisableVlpClockSrc
                0x0000131c       0x1a ./SDK/platform/drivers/src/power/S32K1xx/power_manager_S32K1xx.o
 *fill*         0x00001336        0x2 
 .text.POWER_DRV_GetEnableClockSrc
                0x00001338       0x38 ./SDK/platform/drivers/src/power/S32K1xx/power_manager_S32K1xx.o
 .text.POWER_SYS_EnterHsrunMode
                0x00001370       0xd0 ./SDK/platform/drivers/src/power/S32K1xx/power_manager_S32K1xx.o
 .text.PINS_GPIO_WritePin
                0x00001440       0x42 ./SDK/platform/drivers/src/pins/pins_port_hw_access.o
 *fill*         0x00001482        0x2 
 .text.PINS_GetAdcInterleaveVal
                0x00001484       0xe4 ./SDK/platform/drivers/src/pins/pins_port_hw_access.o
 .text.PINS_Init
                0x00001568      0x1ec ./SDK/platform/drivers/src/pins/pins_port_hw_access.o
                0x00001568                PINS_Init
 .text.PINS_GPIO_SetPinsDirection
                0x00001754       0x1a ./SDK/platform/drivers/src/pins/pins_driver.o
 .text.PINS_GPIO_ClearPins
                0x0000176e       0x1a ./SDK/platform/drivers/src/pins/pins_driver.o
 .text.PINS_GPIO_TogglePins
                0x00001788       0x1a ./SDK/platform/drivers/src/pins/pins_driver.o
 .text.PINS_SetPinIntSel
                0x000017a2       0x42 ./SDK/platform/drivers/src/pins/pins_driver.o
 .text.PINS_ClearPinIntFlagCmd
                0x000017e4       0x38 ./SDK/platform/drivers/src/pins/pins_driver.o
 .text.PINS_GetPortIntFlag
                0x0000181c       0x1c ./SDK/platform/drivers/src/pins/pins_driver.o
 .text.PINS_ClearPortIntFlagCmd
                0x00001838       0x1c ./SDK/platform/drivers/src/pins/pins_driver.o
 .text.PINS_DRV_Init
                0x00001854       0x3e ./SDK/platform/drivers/src/pins/pins_driver.o
                0x00001854                PINS_DRV_Init
 .text.PINS_DRV_SetPinIntSel
                0x00001892       0x22 ./SDK/platform/drivers/src/pins/pins_driver.o
                0x00001892                PINS_DRV_SetPinIntSel
 .text.PINS_DRV_ClearPinIntFlagCmd
                0x000018b4       0x1a ./SDK/platform/drivers/src/pins/pins_driver.o
                0x000018b4                PINS_DRV_ClearPinIntFlagCmd
 .text.PINS_DRV_GetPortIntFlag
                0x000018ce       0x18 ./SDK/platform/drivers/src/pins/pins_driver.o
                0x000018ce                PINS_DRV_GetPortIntFlag
 .text.PINS_DRV_ClearPortIntFlagCmd
                0x000018e6       0x16 ./SDK/platform/drivers/src/pins/pins_driver.o
                0x000018e6                PINS_DRV_ClearPortIntFlagCmd
 .text.PINS_DRV_SetPinsDirection
                0x000018fc       0x1a ./SDK/platform/drivers/src/pins/pins_driver.o
                0x000018fc                PINS_DRV_SetPinsDirection
 .text.PINS_DRV_ClearPins
                0x00001916       0x1a ./SDK/platform/drivers/src/pins/pins_driver.o
                0x00001916                PINS_DRV_ClearPins
 .text.PINS_DRV_TogglePins
                0x00001930       0x1a ./SDK/platform/drivers/src/pins/pins_driver.o
                0x00001930                PINS_DRV_TogglePins
 *fill*         0x0000194a        0x2 
 .text.INT_SYS_InstallHandler
                0x0000194c       0x4c ./SDK/platform/drivers/src/interrupt/interrupt_manager.o
                0x0000194c                INT_SYS_InstallHandler
 .text.INT_SYS_EnableIRQ
                0x00001998       0x30 ./SDK/platform/drivers/src/interrupt/interrupt_manager.o
                0x00001998                INT_SYS_EnableIRQ
 .text.INT_SYS_EnableIRQGlobal
                0x000019c8       0x2c ./SDK/platform/drivers/src/interrupt/interrupt_manager.o
                0x000019c8                INT_SYS_EnableIRQGlobal
 .text.INT_SYS_DisableIRQGlobal
                0x000019f4       0x1c ./SDK/platform/drivers/src/interrupt/interrupt_manager.o
                0x000019f4                INT_SYS_DisableIRQGlobal
 .text.CAN0_ORed_IRQHandler
                0x00001a10        0xe ./SDK/platform/drivers/src/flexcan/flexcan_irq.o
                0x00001a10                CAN0_ORed_IRQHandler
 .text.CAN0_Error_IRQHandler
                0x00001a1e        0xe ./SDK/platform/drivers/src/flexcan/flexcan_irq.o
                0x00001a1e                CAN0_Error_IRQHandler
 .text.CAN0_Wake_Up_IRQHandler
                0x00001a2c        0xe ./SDK/platform/drivers/src/flexcan/flexcan_irq.o
                0x00001a2c                CAN0_Wake_Up_IRQHandler
 .text.CAN0_ORed_0_15_MB_IRQHandler
                0x00001a3a        0xe ./SDK/platform/drivers/src/flexcan/flexcan_irq.o
                0x00001a3a                CAN0_ORed_0_15_MB_IRQHandler
 .text.CAN0_ORed_16_31_MB_IRQHandler
                0x00001a48        0xe ./SDK/platform/drivers/src/flexcan/flexcan_irq.o
                0x00001a48                CAN0_ORed_16_31_MB_IRQHandler
 .text.CAN1_ORed_IRQHandler
                0x00001a56        0xe ./SDK/platform/drivers/src/flexcan/flexcan_irq.o
                0x00001a56                CAN1_ORed_IRQHandler
 .text.CAN1_Error_IRQHandler
                0x00001a64        0xe ./SDK/platform/drivers/src/flexcan/flexcan_irq.o
                0x00001a64                CAN1_Error_IRQHandler
 .text.CAN1_ORed_0_15_MB_IRQHandler
                0x00001a72        0xe ./SDK/platform/drivers/src/flexcan/flexcan_irq.o
                0x00001a72                CAN1_ORed_0_15_MB_IRQHandler
 .text.CAN2_ORed_IRQHandler
                0x00001a80        0xe ./SDK/platform/drivers/src/flexcan/flexcan_irq.o
                0x00001a80                CAN2_ORed_IRQHandler
 .text.CAN2_Error_IRQHandler
                0x00001a8e        0xe ./SDK/platform/drivers/src/flexcan/flexcan_irq.o
                0x00001a8e                CAN2_Error_IRQHandler
 .text.CAN2_ORed_0_15_MB_IRQHandler
                0x00001a9c        0xe ./SDK/platform/drivers/src/flexcan/flexcan_irq.o
                0x00001a9c                CAN2_ORed_0_15_MB_IRQHandler
 .text.RxFifoOcuppiedLastMsgBuff
                0x00001aaa       0x1c ./SDK/platform/drivers/src/flexcan/flexcan_hw_access.o
 .text.FLEXCAN_IsFDEnabled
                0x00001ac6       0x24 ./SDK/platform/drivers/src/flexcan/flexcan_hw_access.o
 .text.FLEXCAN_IsRxFifoEnabled
                0x00001aea       0x24 ./SDK/platform/drivers/src/flexcan/flexcan_hw_access.o
 .text.FLEXCAN_SetSelfReception
                0x00001b0e       0x32 ./SDK/platform/drivers/src/flexcan/flexcan_hw_access.o
 .text.FLEXCAN_GetRxFifoMask
                0x00001b40       0xd4 ./SDK/platform/drivers/src/flexcan/flexcan_hw_access.o
                0x00001b40                FLEXCAN_GetRxFifoMask
 .text.FLEXCAN_ComputeDLCValue
                0x00001c14       0x30 ./SDK/platform/drivers/src/flexcan/flexcan_hw_access.o
 .text.FLEXCAN_ComputePayloadSize
                0x00001c44       0x7c ./SDK/platform/drivers/src/flexcan/flexcan_hw_access.o
 .text.FLEXCAN_GetMaxMbNum
                0x00001cc0       0x4c ./SDK/platform/drivers/src/flexcan/flexcan_hw_access.o
                0x00001cc0                FLEXCAN_GetMaxMbNum
 .text.FLEXCAN_ClearRAM
                0x00001d0c       0x72 ./SDK/platform/drivers/src/flexcan/flexcan_hw_access.o
 .text.FLEXCAN_GetMsgBuffRegion
                0x00001d7e       0x6c ./SDK/platform/drivers/src/flexcan/flexcan_hw_access.o
                0x00001d7e                FLEXCAN_GetMsgBuffRegion
 .text.FLEXCAN_Enable
                0x00001dea       0x52 ./SDK/platform/drivers/src/flexcan/flexcan_hw_access.o
                0x00001dea                FLEXCAN_Enable
 .text.FLEXCAN_Disable
                0x00001e3c       0x34 ./SDK/platform/drivers/src/flexcan/flexcan_hw_access.o
                0x00001e3c                FLEXCAN_Disable
 .text.FLEXCAN_Init
                0x00001e70       0x6c ./SDK/platform/drivers/src/flexcan/flexcan_hw_access.o
                0x00001e70                FLEXCAN_Init
 .text.FLEXCAN_SetTxMsgBuff
                0x00001edc      0x24c ./SDK/platform/drivers/src/flexcan/flexcan_hw_access.o
                0x00001edc                FLEXCAN_SetTxMsgBuff
 .text.FLEXCAN_SetRxMsgBuff
                0x00002128      0x124 ./SDK/platform/drivers/src/flexcan/flexcan_hw_access.o
                0x00002128                FLEXCAN_SetRxMsgBuff
 .text.FLEXCAN_GetMsgBuff
                0x0000224c      0x13a ./SDK/platform/drivers/src/flexcan/flexcan_hw_access.o
                0x0000224c                FLEXCAN_GetMsgBuff
 .text.FLEXCAN_LockRxMsgBuff
                0x00002386       0x20 ./SDK/platform/drivers/src/flexcan/flexcan_hw_access.o
                0x00002386                FLEXCAN_LockRxMsgBuff
 .text.FLEXCAN_EnableRxFifo
                0x000023a6       0x86 ./SDK/platform/drivers/src/flexcan/flexcan_hw_access.o
                0x000023a6                FLEXCAN_EnableRxFifo
 .text.FLEXCAN_SetMaxMsgBuffNum
                0x0000242c       0xf0 ./SDK/platform/drivers/src/flexcan/flexcan_hw_access.o
                0x0000242c                FLEXCAN_SetMaxMsgBuffNum
 .text.FLEXCAN_SetRxFifoFilter
                0x0000251c      0x408 ./SDK/platform/drivers/src/flexcan/flexcan_hw_access.o
                0x0000251c                FLEXCAN_SetRxFifoFilter
 .text.FLEXCAN_SetMsgBuffIntCmd
                0x00002924       0x6e ./SDK/platform/drivers/src/flexcan/flexcan_hw_access.o
                0x00002924                FLEXCAN_SetMsgBuffIntCmd
 .text.FLEXCAN_ExitFreezeMode
                0x00002992       0x38 ./SDK/platform/drivers/src/flexcan/flexcan_hw_access.o
                0x00002992                FLEXCAN_ExitFreezeMode
 .text.FLEXCAN_EnterFreezeMode
                0x000029ca       0x7c ./SDK/platform/drivers/src/flexcan/flexcan_hw_access.o
                0x000029ca                FLEXCAN_EnterFreezeMode
 *fill*         0x00002a46        0x2 
 .text.FLEXCAN_ClearErrIntStatusFlag
                0x00002a48       0x2c ./SDK/platform/drivers/src/flexcan/flexcan_hw_access.o
                0x00002a48                FLEXCAN_ClearErrIntStatusFlag
 .text.FLEXCAN_ReadRxFifo
                0x00002a74       0xa6 ./SDK/platform/drivers/src/flexcan/flexcan_hw_access.o
                0x00002a74                FLEXCAN_ReadRxFifo
 *fill*         0x00002b1a        0x2 
 .text.FLEXCAN_SetOperationMode
                0x00002b1c       0xa4 ./SDK/platform/drivers/src/flexcan/flexcan_hw_access.o
                0x00002b1c                FLEXCAN_SetOperationMode
 .text.FLEXCAN_SetPayloadSize
                0x00002bc0       0x42 ./SDK/platform/drivers/src/flexcan/flexcan_hw_access.o
                0x00002bc0                FLEXCAN_SetPayloadSize
 .text.FLEXCAN_GetPayloadSize
                0x00002c02       0x42 ./SDK/platform/drivers/src/flexcan/flexcan_hw_access.o
                0x00002c02                FLEXCAN_GetPayloadSize
 .text.RxFifoOcuppiedLastMsgBuff
                0x00002c44       0x1c ./SDK/platform/drivers/src/flexcan/flexcan_driver.o
 .text.FLEXCAN_IsEnabled
                0x00002c60       0x1c ./SDK/platform/drivers/src/flexcan/flexcan_driver.o
 .text.FLEXCAN_SelectClock
                0x00002c7c       0x2c ./SDK/platform/drivers/src/flexcan/flexcan_driver.o
 .text.FLEXCAN_SetTimeSegments
                0x00002ca8       0x60 ./SDK/platform/drivers/src/flexcan/flexcan_driver.o
 .text.FLEXCAN_SetRxIndividualMask
                0x00002d08       0x24 ./SDK/platform/drivers/src/flexcan/flexcan_driver.o
 .text.FLEXCAN_SetRxFifoGlobalMask
                0x00002d2c       0x1a ./SDK/platform/drivers/src/flexcan/flexcan_driver.o
 *fill*         0x00002d46        0x2 
 .text.FLEXCAN_SetExtendedTimeSegments
                0x00002d48       0x64 ./SDK/platform/drivers/src/flexcan/flexcan_driver.o
 .text.FLEXCAN_SetFDTimeSegments
                0x00002dac       0x70 ./SDK/platform/drivers/src/flexcan/flexcan_driver.o
 .text.FLEXCAN_SetFDEnabled
                0x00002e1c       0x4e ./SDK/platform/drivers/src/flexcan/flexcan_driver.o
 .text.FLEXCAN_IsFDEnabled
                0x00002e6a       0x24 ./SDK/platform/drivers/src/flexcan/flexcan_driver.o
 .text.FLEXCAN_UnlockRxMsgBuff
                0x00002e8e       0x16 ./SDK/platform/drivers/src/flexcan/flexcan_driver.o
 .text.FLEXCAN_IsRxFifoEnabled
                0x00002ea4       0x24 ./SDK/platform/drivers/src/flexcan/flexcan_driver.o
 .text.FLEXCAN_GetRxFifoIdFormat
                0x00002ec8       0x58 ./SDK/platform/drivers/src/flexcan/flexcan_driver.o
 .text.FLEXCAN_GetMaxMsgBuffNum
                0x00002f20       0x1a ./SDK/platform/drivers/src/flexcan/flexcan_driver.o
 .text.FLEXCAN_GetMsgBuffIntStatusFlag
                0x00002f3a       0x40 ./SDK/platform/drivers/src/flexcan/flexcan_driver.o
 .text.FLEXCAN_ClearFIFO
                0x00002f7a       0x18 ./SDK/platform/drivers/src/flexcan/flexcan_driver.o
 .text.FLEXCAN_ClearMsgBuffIntStatusFlag
                0x00002f92       0x2e ./SDK/platform/drivers/src/flexcan/flexcan_driver.o
 .text.FLEXCAN_GetErrorCounters
                0x00002fc0       0x16 ./SDK/platform/drivers/src/flexcan/flexcan_driver.o
 .text.FLEXCAN_SetRxMaskType
                0x00002fd6       0x36 ./SDK/platform/drivers/src/flexcan/flexcan_driver.o
 .text.FLEXCAN_GetNoOfIndividualMBsRxFIFO
                0x0000300c       0x36 ./SDK/platform/drivers/src/flexcan/flexcan_driver.o
 *fill*         0x00003042        0x2 
 .text.FLEXCAN_SetRxIndividualStdMask
                0x00003044       0x30 ./SDK/platform/drivers/src/flexcan/flexcan_driver.o
 .text.FLEXCAN_SetRxIndividualExtMask
                0x00003074       0x28 ./SDK/platform/drivers/src/flexcan/flexcan_driver.o
 .text.FLEXCAN_SetStuffBitCount
                0x0000309c       0x32 ./SDK/platform/drivers/src/flexcan/flexcan_driver.o
 .text.FLEXCAN_SetSelfReception
                0x000030ce       0x32 ./SDK/platform/drivers/src/flexcan/flexcan_driver.o
 .text.FLEXCAN_SetRxFifoDMA
                0x00003100       0x32 ./SDK/platform/drivers/src/flexcan/flexcan_driver.o
 .text.FLEXCAN_IsPNEnabled
                0x00003132       0x24 ./SDK/platform/drivers/src/flexcan/flexcan_driver.o
 .text.FLEXCAN_GetWTOF
                0x00003156       0x22 ./SDK/platform/drivers/src/flexcan/flexcan_driver.o
 .text.FLEXCAN_ClearWTOF
                0x00003178       0x22 ./SDK/platform/drivers/src/flexcan/flexcan_driver.o
 .text.FLEXCAN_GetWUMF
                0x0000319a       0x22 ./SDK/platform/drivers/src/flexcan/flexcan_driver.o
 .text.FLEXCAN_ClearWUMF
                0x000031bc       0x22 ./SDK/platform/drivers/src/flexcan/flexcan_driver.o
 *fill*         0x000031de        0x2 
 .text.FLEXCAN_DRV_SetRxMaskType
                0x000031e0       0x3c ./SDK/platform/drivers/src/flexcan/flexcan_driver.o
                0x000031e0                FLEXCAN_DRV_SetRxMaskType
 .text.FLEXCAN_DRV_SetRxFifoGlobalMask
                0x0000321c       0xb0 ./SDK/platform/drivers/src/flexcan/flexcan_driver.o
                0x0000321c                FLEXCAN_DRV_SetRxFifoGlobalMask
 .text.FLEXCAN_DRV_SetRxIndividualMask
                0x000032cc      0x144 ./SDK/platform/drivers/src/flexcan/flexcan_driver.o
                0x000032cc                FLEXCAN_DRV_SetRxIndividualMask
 .text.FLEXCAN_EnableIRQs
                0x00003410       0x98 ./SDK/platform/drivers/src/flexcan/flexcan_driver.o
 .text.FLEXCAN_DRV_Init
                0x000034a8      0x260 ./SDK/platform/drivers/src/flexcan/flexcan_driver.o
                0x000034a8                FLEXCAN_DRV_Init
 .text.FLEXCAN_DRV_ConfigTxMb
                0x00003708       0x64 ./SDK/platform/drivers/src/flexcan/flexcan_driver.o
                0x00003708                FLEXCAN_DRV_ConfigTxMb
 .text.FLEXCAN_DRV_Send
                0x0000376c       0x58 ./SDK/platform/drivers/src/flexcan/flexcan_driver.o
                0x0000376c                FLEXCAN_DRV_Send
 .text.FLEXCAN_DRV_ConfigRxMb
                0x000037c4       0x8c ./SDK/platform/drivers/src/flexcan/flexcan_driver.o
                0x000037c4                FLEXCAN_DRV_ConfigRxMb
 .text.FLEXCAN_DRV_ConfigRxFifo
                0x00003850       0x40 ./SDK/platform/drivers/src/flexcan/flexcan_driver.o
                0x00003850                FLEXCAN_DRV_ConfigRxFifo
 .text.FLEXCAN_DRV_Receive
                0x00003890       0x2a ./SDK/platform/drivers/src/flexcan/flexcan_driver.o
                0x00003890                FLEXCAN_DRV_Receive
 .text.FLEXCAN_DRV_RxFifo
                0x000038ba       0x26 ./SDK/platform/drivers/src/flexcan/flexcan_driver.o
                0x000038ba                FLEXCAN_DRV_RxFifo
 .text.FLEXCAN_IRQHandlerRxFIFO
                0x000038e0       0xcc ./SDK/platform/drivers/src/flexcan/flexcan_driver.o
 .text.FLEXCAN_IRQHandlerRxMB
                0x000039ac       0x8c ./SDK/platform/drivers/src/flexcan/flexcan_driver.o
 .text.FLEXCAN_IRQHandler
                0x00003a38      0x174 ./SDK/platform/drivers/src/flexcan/flexcan_driver.o
                0x00003a38                FLEXCAN_IRQHandler
 .text.FLEXCAN_Error_IRQHandler
                0x00003bac       0x4c ./SDK/platform/drivers/src/flexcan/flexcan_driver.o
                0x00003bac                FLEXCAN_Error_IRQHandler
 .text.FLEXCAN_WakeUpHandler
                0x00003bf8       0x94 ./SDK/platform/drivers/src/flexcan/flexcan_driver.o
                0x00003bf8                FLEXCAN_WakeUpHandler
 .text.FLEXCAN_StartSendData
                0x00003c8c       0xf4 ./SDK/platform/drivers/src/flexcan/flexcan_driver.o
 .text.FLEXCAN_StartRxMessageBufferData
                0x00003d80       0xdc ./SDK/platform/drivers/src/flexcan/flexcan_driver.o
 .text.FLEXCAN_StartRxMessageFifoData
                0x00003e5c      0x170 ./SDK/platform/drivers/src/flexcan/flexcan_driver.o
 .text.FLEXCAN_CompleteTransfer
                0x00003fcc       0x64 ./SDK/platform/drivers/src/flexcan/flexcan_driver.o
 .text.FLEXCAN_CompleteRxFifoDataDMA
                0x00004030       0x58 ./SDK/platform/drivers/src/flexcan/flexcan_driver.o
 .text.FLEXCAN_CompleteRxMessageFifoData
                0x00004088      0x104 ./SDK/platform/drivers/src/flexcan/flexcan_driver.o
 .text.FLEXCAN_DRV_InstallEventCallback
                0x0000418c       0x38 ./SDK/platform/drivers/src/flexcan/flexcan_driver.o
                0x0000418c                FLEXCAN_DRV_InstallEventCallback
 .text.EDMA_GetErrorIntStatusFlag
                0x000041c4       0x16 ./SDK/platform/drivers/src/edma/edma_irq.o
 .text.DMA0_IRQHandler
                0x000041da        0xe ./SDK/platform/drivers/src/edma/edma_irq.o
                0x000041da                DMA0_IRQHandler
 .text.DMA1_IRQHandler
                0x000041e8        0xe ./SDK/platform/drivers/src/edma/edma_irq.o
                0x000041e8                DMA1_IRQHandler
 .text.DMA2_IRQHandler
                0x000041f6        0xe ./SDK/platform/drivers/src/edma/edma_irq.o
                0x000041f6                DMA2_IRQHandler
 .text.DMA3_IRQHandler
                0x00004204        0xe ./SDK/platform/drivers/src/edma/edma_irq.o
                0x00004204                DMA3_IRQHandler
 .text.DMA4_IRQHandler
                0x00004212        0xe ./SDK/platform/drivers/src/edma/edma_irq.o
                0x00004212                DMA4_IRQHandler
 .text.DMA5_IRQHandler
                0x00004220        0xe ./SDK/platform/drivers/src/edma/edma_irq.o
                0x00004220                DMA5_IRQHandler
 .text.DMA6_IRQHandler
                0x0000422e        0xe ./SDK/platform/drivers/src/edma/edma_irq.o
                0x0000422e                DMA6_IRQHandler
 .text.DMA7_IRQHandler
                0x0000423c        0xe ./SDK/platform/drivers/src/edma/edma_irq.o
                0x0000423c                DMA7_IRQHandler
 .text.DMA8_IRQHandler
                0x0000424a        0xe ./SDK/platform/drivers/src/edma/edma_irq.o
                0x0000424a                DMA8_IRQHandler
 .text.DMA9_IRQHandler
                0x00004258        0xe ./SDK/platform/drivers/src/edma/edma_irq.o
                0x00004258                DMA9_IRQHandler
 .text.DMA10_IRQHandler
                0x00004266        0xe ./SDK/platform/drivers/src/edma/edma_irq.o
                0x00004266                DMA10_IRQHandler
 .text.DMA11_IRQHandler
                0x00004274        0xe ./SDK/platform/drivers/src/edma/edma_irq.o
                0x00004274                DMA11_IRQHandler
 .text.DMA12_IRQHandler
                0x00004282        0xe ./SDK/platform/drivers/src/edma/edma_irq.o
                0x00004282                DMA12_IRQHandler
 .text.DMA13_IRQHandler
                0x00004290        0xe ./SDK/platform/drivers/src/edma/edma_irq.o
                0x00004290                DMA13_IRQHandler
 .text.DMA14_IRQHandler
                0x0000429e        0xe ./SDK/platform/drivers/src/edma/edma_irq.o
                0x0000429e                DMA14_IRQHandler
 .text.DMA15_IRQHandler
                0x000042ac        0xe ./SDK/platform/drivers/src/edma/edma_irq.o
                0x000042ac                DMA15_IRQHandler
 .text.DMA_Error_IRQHandler
                0x000042ba       0x4c ./SDK/platform/drivers/src/edma/edma_irq.o
                0x000042ba                DMA_Error_IRQHandler
 .text.EDMA_Init
                0x00004306       0x68 ./SDK/platform/drivers/src/edma/edma_hw_access.o
                0x00004306                EDMA_Init
 .text.EDMA_SetErrorIntCmd
                0x0000436e       0x2e ./SDK/platform/drivers/src/edma/edma_hw_access.o
                0x0000436e                EDMA_SetErrorIntCmd
 .text.EDMA_SetDmaRequestCmd
                0x0000439c       0x2e ./SDK/platform/drivers/src/edma/edma_hw_access.o
                0x0000439c                EDMA_SetDmaRequestCmd
 .text.EDMA_TCDClearReg
                0x000043ca       0xd4 ./SDK/platform/drivers/src/edma/edma_hw_access.o
                0x000043ca                EDMA_TCDClearReg
 .text.EDMA_TCDSetAttribute
                0x0000449e       0x6e ./SDK/platform/drivers/src/edma/edma_hw_access.o
                0x0000449e                EDMA_TCDSetAttribute
 .text.EDMA_TCDSetNbytes
                0x0000450c       0xca ./SDK/platform/drivers/src/edma/edma_hw_access.o
                0x0000450c                EDMA_TCDSetNbytes
 .text.EDMA_TCDSetMajorCount
                0x000045d6      0x14a ./SDK/platform/drivers/src/edma/edma_hw_access.o
                0x000045d6                EDMA_TCDSetMajorCount
 .text.DMAMUX_Init
                0x00004720       0x2c ./SDK/platform/drivers/src/edma/edma_hw_access.o
                0x00004720                DMAMUX_Init
 .text.EDMA_SetHaltOnErrorCmd
                0x0000474c       0x3c ./SDK/platform/drivers/src/edma/edma_driver.o
 .text.EDMA_SetChannelPriority
                0x00004788       0x56 ./SDK/platform/drivers/src/edma/edma_driver.o
 .text.EDMA_SetChannelArbitrationMode
                0x000047de       0x38 ./SDK/platform/drivers/src/edma/edma_driver.o
 .text.EDMA_GetChannelArbitrationMode
                0x00004816       0x2c ./SDK/platform/drivers/src/edma/edma_driver.o
 .text.EDMA_SetMinorLoopMappingCmd
                0x00004842       0x3c ./SDK/platform/drivers/src/edma/edma_driver.o
 .text.EDMA_ClearErrorIntStatusFlag
                0x0000487e       0x1c ./SDK/platform/drivers/src/edma/edma_driver.o
 .text.EDMA_ClearDoneStatusFlag
                0x0000489a       0x1c ./SDK/platform/drivers/src/edma/edma_driver.o
 .text.EDMA_ClearIntStatusFlag
                0x000048b6       0x1c ./SDK/platform/drivers/src/edma/edma_driver.o
 .text.EDMA_TCDSetSrcAddr
                0x000048d2       0x26 ./SDK/platform/drivers/src/edma/edma_driver.o
 .text.EDMA_TCDSetSrcOffset
                0x000048f8       0x2c ./SDK/platform/drivers/src/edma/edma_driver.o
 .text.EDMA_TCDSetDestAddr
                0x00004924       0x2a ./SDK/platform/drivers/src/edma/edma_driver.o
 .text.EDMA_TCDSetDestOffset
                0x0000494e       0x2e ./SDK/platform/drivers/src/edma/edma_driver.o
 .text.EDMA_TCDSetDisableDmaRequestAfterTCDDoneCmd
                0x0000497c       0x5c ./SDK/platform/drivers/src/edma/edma_driver.o
 .text.EDMA_TCDSetMajorCompleteIntCmd
                0x000049d8       0x5c ./SDK/platform/drivers/src/edma/edma_driver.o
 .text.DMAMUX_SetChannelCmd
                0x00004a34       0x52 ./SDK/platform/drivers/src/edma/edma_driver.o
 .text.DMAMUX_SetChannelTrigger
                0x00004a86       0x50 ./SDK/platform/drivers/src/edma/edma_driver.o
 .text.DMAMUX_SetChannelSource
                0x00004ad6       0x4e ./SDK/platform/drivers/src/edma/edma_driver.o
 .text.EDMA_DRV_Init
                0x00004b24      0x12c ./SDK/platform/drivers/src/edma/edma_driver.o
                0x00004b24                EDMA_DRV_Init
 .text.EDMA_DRV_ChannelInit
                0x00004c50       0xd8 ./SDK/platform/drivers/src/edma/edma_driver.o
                0x00004c50                EDMA_DRV_ChannelInit
 .text.EDMA_DRV_InstallCallback
                0x00004d28       0x3c ./SDK/platform/drivers/src/edma/edma_driver.o
                0x00004d28                EDMA_DRV_InstallCallback
 .text.EDMA_DRV_ClearIntStatus
                0x00004d64       0x3c ./SDK/platform/drivers/src/edma/edma_driver.o
 .text.EDMA_DRV_IRQHandler
                0x00004da0       0x4c ./SDK/platform/drivers/src/edma/edma_driver.o
                0x00004da0                EDMA_DRV_IRQHandler
 .text.EDMA_DRV_ErrorIRQHandler
                0x00004dec       0x7c ./SDK/platform/drivers/src/edma/edma_driver.o
                0x00004dec                EDMA_DRV_ErrorIRQHandler
 .text.EDMA_DRV_ConfigSingleBlockTransfer
                0x00004e68      0x170 ./SDK/platform/drivers/src/edma/edma_driver.o
                0x00004e68                EDMA_DRV_ConfigSingleBlockTransfer
 .text.EDMA_DRV_StartChannel
                0x00004fd8       0x38 ./SDK/platform/drivers/src/edma/edma_driver.o
                0x00004fd8                EDMA_DRV_StartChannel
 .text.EDMA_DRV_StopChannel
                0x00005010       0x38 ./SDK/platform/drivers/src/edma/edma_driver.o
                0x00005010                EDMA_DRV_StopChannel
 .text.EDMA_DRV_SetChannelRequestAndTrigger
                0x00005048       0x60 ./SDK/platform/drivers/src/edma/edma_driver.o
                0x00005048                EDMA_DRV_SetChannelRequestAndTrigger
 .text.EDMA_DRV_DisableRequestsOnTransferComplete
                0x000050a8       0x3c ./SDK/platform/drivers/src/edma/edma_driver.o
                0x000050a8                EDMA_DRV_DisableRequestsOnTransferComplete
 .text.EDMA_DRV_GetDmaRegBaseAddr
                0x000050e4       0x18 ./SDK/platform/drivers/src/edma/edma_driver.o
                0x000050e4                EDMA_DRV_GetDmaRegBaseAddr
 .text.EDMA_DRV_ClearStructure
                0x000050fc       0x2e ./SDK/platform/drivers/src/edma/edma_driver.o
 .text.SIM_SetLpoClocks
                0x0000512a       0x70 ./SDK/platform/drivers/src/clock/S32K1xx/clock_S32K1xx.o
 .text.SIM_SetEimClockGate
                0x0000519a       0x3c ./SDK/platform/drivers/src/clock/S32K1xx/clock_S32K1xx.o
 .text.SIM_SetErmClockGate
                0x000051d6       0x3c ./SDK/platform/drivers/src/clock/S32K1xx/clock_S32K1xx.o
 .text.SIM_SetDmaClockGate
                0x00005212       0x3c ./SDK/platform/drivers/src/clock/S32K1xx/clock_S32K1xx.o
 .text.SIM_SetMpuClockGate
                0x0000524e       0x3c ./SDK/platform/drivers/src/clock/S32K1xx/clock_S32K1xx.o
 .text.SIM_SetMscmClockGate
                0x0000528a       0x3c ./SDK/platform/drivers/src/clock/S32K1xx/clock_S32K1xx.o
 .text.SIM_SetClockout
                0x000052c6       0x5c ./SDK/platform/drivers/src/clock/S32K1xx/clock_S32K1xx.o
 .text.SIM_SetTraceClockSource
                0x00005322       0x36 ./SDK/platform/drivers/src/clock/S32K1xx/clock_S32K1xx.o
 .text.SIM_ClearTraceClockConfig
                0x00005358       0x1c ./SDK/platform/drivers/src/clock/S32K1xx/clock_S32K1xx.o
 .text.SIM_SetTraceClockConfig
                0x00005374       0x3e ./SDK/platform/drivers/src/clock/S32K1xx/clock_S32K1xx.o
 .text.SCG_GetCurrentSystemClockSource
                0x000053b2       0x1c ./SDK/platform/drivers/src/clock/S32K1xx/clock_S32K1xx.o
 .text.SCG_GetCurrentCoreClockDividerRatio
                0x000053ce       0x1c ./SDK/platform/drivers/src/clock/S32K1xx/clock_S32K1xx.o
 .text.SCG_GetCurrentBusClockDividerRatio
                0x000053ea       0x1c ./SDK/platform/drivers/src/clock/S32K1xx/clock_S32K1xx.o
 .text.SCG_GetCurrentSlowClockDividerRatio
                0x00005406       0x1a ./SDK/platform/drivers/src/clock/S32K1xx/clock_S32K1xx.o
 .text.SCG_SetRunClockControl
                0x00005420       0x42 ./SDK/platform/drivers/src/clock/S32K1xx/clock_S32K1xx.o
 .text.SCG_SetVlprClockControl
                0x00005462       0x42 ./SDK/platform/drivers/src/clock/S32K1xx/clock_S32K1xx.o
 .text.SCG_SetHsrunClockControl
                0x000054a4       0x42 ./SDK/platform/drivers/src/clock/S32K1xx/clock_S32K1xx.o
 .text.SCG_SetFircAsyncConfig
                0x000054e6       0x30 ./SDK/platform/drivers/src/clock/S32K1xx/clock_S32K1xx.o
 .text.SCG_SetSircAsyncConfig
                0x00005516       0x30 ./SDK/platform/drivers/src/clock/S32K1xx/clock_S32K1xx.o
 .text.SCG_SetSoscAsyncConfig
                0x00005546       0x30 ./SDK/platform/drivers/src/clock/S32K1xx/clock_S32K1xx.o
 .text.SCG_SetSpllAsyncConfig
                0x00005576       0x30 ./SDK/platform/drivers/src/clock/S32K1xx/clock_S32K1xx.o
 .text.SCG_SetClockoutSourceSel
                0x000055a6       0x36 ./SDK/platform/drivers/src/clock/S32K1xx/clock_S32K1xx.o
 .text.SCG_GetSircSystemClockMode
                0x000055dc       0x30 ./SDK/platform/drivers/src/clock/S32K1xx/clock_S32K1xx.o
 .text.SCG_GetSircStatus
                0x0000560c       0x26 ./SDK/platform/drivers/src/clock/S32K1xx/clock_S32K1xx.o
 .text.SCG_GetSircRange
                0x00005632       0x1c ./SDK/platform/drivers/src/clock/S32K1xx/clock_S32K1xx.o
 .text.SCG_ClearSircLock
                0x0000564e       0x22 ./SDK/platform/drivers/src/clock/S32K1xx/clock_S32K1xx.o
 .text.SCG_ClearSircControl
                0x00005670       0x1a ./SDK/platform/drivers/src/clock/S32K1xx/clock_S32K1xx.o
 .text.SCG_SetSircConfiguration
                0x0000568a       0x22 ./SDK/platform/drivers/src/clock/S32K1xx/clock_S32K1xx.o
 .text.SCG_SetSircControl
                0x000056ac       0x58 ./SDK/platform/drivers/src/clock/S32K1xx/clock_S32K1xx.o
 .text.SCG_GetFircSystemClockMode
                0x00005704       0x30 ./SDK/platform/drivers/src/clock/S32K1xx/clock_S32K1xx.o
 .text.SCG_GetFircStatus
                0x00005734       0x26 ./SDK/platform/drivers/src/clock/S32K1xx/clock_S32K1xx.o
 .text.SCG_GetFircRange
                0x0000575a       0x1c ./SDK/platform/drivers/src/clock/S32K1xx/clock_S32K1xx.o
 .text.SCG_ClearFircLock
                0x00005776       0x22 ./SDK/platform/drivers/src/clock/S32K1xx/clock_S32K1xx.o
 .text.SCG_ClearFircControl
                0x00005798       0x1c ./SDK/platform/drivers/src/clock/S32K1xx/clock_S32K1xx.o
 .text.SCG_SetFircConfiguration
                0x000057b4       0x22 ./SDK/platform/drivers/src/clock/S32K1xx/clock_S32K1xx.o
 .text.SCG_SetFircControl
                0x000057d6       0x40 ./SDK/platform/drivers/src/clock/S32K1xx/clock_S32K1xx.o
 .text.SCG_GetSoscSystemClockMode
                0x00005816       0x30 ./SDK/platform/drivers/src/clock/S32K1xx/clock_S32K1xx.o
 .text.SCG_GetSoscStatus
                0x00005846       0x26 ./SDK/platform/drivers/src/clock/S32K1xx/clock_S32K1xx.o
 .text.SCG_ClearSoscLock
                0x0000586c       0x22 ./SDK/platform/drivers/src/clock/S32K1xx/clock_S32K1xx.o
 .text.SCG_ClearSoscControl
                0x0000588e       0x1c ./SDK/platform/drivers/src/clock/S32K1xx/clock_S32K1xx.o
 .text.SCG_SetSoscConfiguration
                0x000058aa       0x3a ./SDK/platform/drivers/src/clock/S32K1xx/clock_S32K1xx.o
 .text.SCG_SetSoscControl
                0x000058e4       0x5c ./SDK/platform/drivers/src/clock/S32K1xx/clock_S32K1xx.o
 .text.SCG_GetSpllSystemClockMode
                0x00005940       0x30 ./SDK/platform/drivers/src/clock/S32K1xx/clock_S32K1xx.o
 .text.SCG_GetSpllStatus
                0x00005970       0x26 ./SDK/platform/drivers/src/clock/S32K1xx/clock_S32K1xx.o
 .text.SCG_GetSpllPredivider
                0x00005996       0x1e ./SDK/platform/drivers/src/clock/S32K1xx/clock_S32K1xx.o
 .text.SCG_GetSpllMultiplier
                0x000059b4       0x1e ./SDK/platform/drivers/src/clock/S32K1xx/clock_S32K1xx.o
 .text.SCG_ClearSpllLock
                0x000059d2       0x22 ./SDK/platform/drivers/src/clock/S32K1xx/clock_S32K1xx.o
 .text.SCG_ClearSpllControl
                0x000059f4       0x1c ./SDK/platform/drivers/src/clock/S32K1xx/clock_S32K1xx.o
 .text.SCG_SetSpllConfiguration
                0x00005a10       0x32 ./SDK/platform/drivers/src/clock/S32K1xx/clock_S32K1xx.o
 .text.SCG_SetSpllControl
                0x00005a42       0x5c ./SDK/platform/drivers/src/clock/S32K1xx/clock_S32K1xx.o
 *fill*         0x00005a9e        0x2 
 .text.PCC_SetPeripheralClockControl
                0x00005aa0       0x60 ./SDK/platform/drivers/src/clock/S32K1xx/clock_S32K1xx.o
 .text.PCC_SetClockMode
                0x00005b00       0x70 ./SDK/platform/drivers/src/clock/S32K1xx/clock_S32K1xx.o
 .text.PMC_SetLpoMode
                0x00005b70       0x3c ./SDK/platform/drivers/src/clock/S32K1xx/clock_S32K1xx.o
 .text.PMC_SetLpoTrimValue
                0x00005bac       0x5c ./SDK/platform/drivers/src/clock/S32K1xx/clock_S32K1xx.o
 .text.SMC_GetCurrentRunningMode
                0x00005c08       0x18 ./SDK/platform/drivers/src/clock/S32K1xx/clock_S32K1xx.o
 .text.CLOCK_DRV_Init
                0x00005c20       0x6e ./SDK/platform/drivers/src/clock/S32K1xx/clock_S32K1xx.o
                0x00005c20                CLOCK_DRV_Init
 *fill*         0x00005c8e        0x2 
 .text.CLOCK_SYS_SetScgConfiguration
                0x00005c90       0xb4 ./SDK/platform/drivers/src/clock/S32K1xx/clock_S32K1xx.o
 .text.CLOCK_SYS_SetPccConfiguration
                0x00005d44       0xb8 ./SDK/platform/drivers/src/clock/S32K1xx/clock_S32K1xx.o
 .text.CLOCK_SYS_SetSimConfiguration
                0x00005dfc      0x124 ./SDK/platform/drivers/src/clock/S32K1xx/clock_S32K1xx.o
 .text.CLOCK_SYS_SetPmcConfiguration
                0x00005f20       0x38 ./SDK/platform/drivers/src/clock/S32K1xx/clock_S32K1xx.o
 .text.CLOCK_SYS_GetDefaultConfiguration
                0x00005f58      0x24c ./SDK/platform/drivers/src/clock/S32K1xx/clock_S32K1xx.o
 .text.CLOCK_SYS_GetCurrentRunMode
                0x000061a4       0x44 ./SDK/platform/drivers/src/clock/S32K1xx/clock_S32K1xx.o
 .text.CLOCK_SYS_TransitionSystemClock
                0x000061e8       0x60 ./SDK/platform/drivers/src/clock/S32K1xx/clock_S32K1xx.o
 .text.CLOCK_SYS_ConfigureSIRC
                0x00006248       0xc8 ./SDK/platform/drivers/src/clock/S32K1xx/clock_S32K1xx.o
 .text.CLOCK_SYS_ConfigureFIRC
                0x00006310       0xc4 ./SDK/platform/drivers/src/clock/S32K1xx/clock_S32K1xx.o
 .text.CLOCK_SYS_ConfigureSOSC
                0x000063d4      0x124 ./SDK/platform/drivers/src/clock/S32K1xx/clock_S32K1xx.o
 .text.CLOCK_SYS_ConfigureSPLL
                0x000064f8      0x118 ./SDK/platform/drivers/src/clock/S32K1xx/clock_S32K1xx.o
 .text.CLOCK_SYS_ConfigureTemporarySystemClock
                0x00006610       0x68 ./SDK/platform/drivers/src/clock/S32K1xx/clock_S32K1xx.o
 .text.CLOCK_SYS_ConfigureModulesFromScg
                0x00006678      0x1c8 ./SDK/platform/drivers/src/clock/S32K1xx/clock_S32K1xx.o
 .text.CLOCK_SYS_GetSrcFreq
                0x00006840       0x64 ./SDK/platform/drivers/src/clock/S32K1xx/clock_S32K1xx.o
 .text.CLOCK_SYS_SetSystemClockConfig
                0x000068a4      0x234 ./SDK/platform/drivers/src/clock/S32K1xx/clock_S32K1xx.o
 .text.CLOCK_SYS_GetSysOscFreq
                0x00006ad8       0x30 ./SDK/platform/drivers/src/clock/S32K1xx/clock_S32K1xx.o
 .text.CLOCK_SYS_GetSircFreq
                0x00006b08       0x38 ./SDK/platform/drivers/src/clock/S32K1xx/clock_S32K1xx.o
 .text.CLOCK_SYS_GetFircFreq
                0x00006b40       0x3c ./SDK/platform/drivers/src/clock/S32K1xx/clock_S32K1xx.o
 .text.CLOCK_SYS_GetSysPllFreq
                0x00006b7c       0x64 ./SDK/platform/drivers/src/clock/S32K1xx/clock_S32K1xx.o
 .text.CLOCK_SYS_GetSysClockMode
                0x00006be0       0x3c ./SDK/platform/drivers/src/clock/S32K1xx/clock_S32K1xx.o
 .text.CLOCK_SYS_GetSysClockSource
                0x00006c1c       0x54 ./SDK/platform/drivers/src/clock/S32K1xx/clock_S32K1xx.o
 .text.CLOCK_DRV_SetSystemClock
                0x00006c70      0x12c ./SDK/platform/drivers/src/clock/S32K1xx/clock_S32K1xx.o
                0x00006c70                CLOCK_DRV_SetSystemClock
 .text.CLOCK_DRV_GetSystemClockSource
                0x00006d9c       0xa0 ./SDK/platform/drivers/src/clock/S32K1xx/clock_S32K1xx.o
                0x00006d9c                CLOCK_DRV_GetSystemClockSource
 .text.CLOCK_SYS_Init
                0x00006e3c       0x44 ./SDK/platform/drivers/src/clock/S32K1xx/clock_S32K1xx.o
                0x00006e3c                CLOCK_SYS_Init
 .text.CLOCK_SYS_UpdateConfiguration
                0x00006e80      0x174 ./SDK/platform/drivers/src/clock/S32K1xx/clock_S32K1xx.o
                0x00006e80                CLOCK_SYS_UpdateConfiguration
 .text.CLOCK_SYS_SetConfiguration
                0x00006ff4       0x18 ./SDK/platform/drivers/src/clock/S32K1xx/clock_S32K1xx.o
                0x00006ff4                CLOCK_SYS_SetConfiguration
 .text.init_data_bss
                0x0000700c      0x128 ./SDK/platform/devices/startup.o
                0x0000700c                init_data_bss
 .text.SystemInit
                0x00007134       0x30 ./SDK/platform/devices/S32K144/startup/system_S32K144.o
                0x00007134                SystemInit
 *(.rodata)
 *(.rodata*)
 .rodata.payload_code.6174
                0x00007164       0x41 ./SDK/platform/drivers/src/flexcan/flexcan_hw_access.o
 *fill*         0x000071a5        0x3 
 .rodata.flexcanBase.6193
                0x000071a8        0xc ./SDK/platform/drivers/src/flexcan/flexcan_hw_access.o
 .rodata.maxMbNum.6194
                0x000071b4        0xc ./SDK/platform/drivers/src/flexcan/flexcan_hw_access.o
 .rodata.g_flexcanBase
                0x000071c0        0xc ./SDK/platform/drivers/src/flexcan/flexcan_driver.o
 .rodata.g_flexcanWakeUpIrqId
                0x000071cc        0x3 ./SDK/platform/drivers/src/flexcan/flexcan_driver.o
 *fill*         0x000071cf        0x1 
 .rodata.g_flexcanErrorIrqId
                0x000071d0        0x3 ./SDK/platform/drivers/src/flexcan/flexcan_driver.o
 *fill*         0x000071d3        0x1 
 .rodata.g_flexcanBusOffIrqId
                0x000071d4        0x3 ./SDK/platform/drivers/src/flexcan/flexcan_driver.o
 *fill*         0x000071d7        0x1 
 .rodata.g_flexcanOredMessageBufferIrqId
                0x000071d8        0x6 ./SDK/platform/drivers/src/flexcan/flexcan_driver.o
 *fill*         0x000071de        0x2 
 .rodata.s_edmaIrqId
                0x000071e0       0x10 ./SDK/platform/drivers/src/edma/edma_driver.o
 .rodata.clockNameMappings
                0x000071f0       0x9e ./SDK/platform/drivers/src/clock/S32K1xx/clock_S32K1xx.o
                0x000071f0                clockNameMappings
 *fill*         0x0000728e        0x2 
 .rodata.tmpSysClk.6393
                0x00007290        0xc ./SDK/platform/drivers/src/clock/S32K1xx/clock_S32K1xx.o
 .rodata.tmpSysClk.6400
                0x0000729c        0xc ./SDK/platform/drivers/src/clock/S32K1xx/clock_S32K1xx.o
 .rodata.maxSysClksInRUN.6438
                0x000072a8       0x54 ./SDK/platform/drivers/src/clock/S32K1xx/clock_S32K1xx.o
 .rodata.maxSysClksInVLPR.6437
                0x000072fc       0x54 ./SDK/platform/drivers/src/clock/S32K1xx/clock_S32K1xx.o
 .rodata.maxSysClksInHSRUN.6439
                0x00007350       0x54 ./SDK/platform/drivers/src/clock/S32K1xx/clock_S32K1xx.o
 .rodata.fircFreq.6482
                0x000073a4        0x4 ./SDK/platform/drivers/src/clock/S32K1xx/clock_S32K1xx.o
 .rodata.defSysClk.6586
                0x000073a8        0xc ./SDK/platform/drivers/src/clock/S32K1xx/clock_S32K1xx.o
 .rodata.sysClkDivMappings.6585
                0x000073b4       0x11 ./SDK/platform/drivers/src/clock/S32K1xx/clock_S32K1xx.o
 *fill*         0x000073c5        0x3 
 .rodata.edmaChnStateArray
                0x000073c8        0x4 ./Generated_Code/dmaController1.o
                0x000073c8                edmaChnStateArray
 .rodata.edmaChnConfigArray
                0x000073cc        0x4 ./Generated_Code/dmaController1.o
                0x000073cc                edmaChnConfigArray
 .rodata.canCom1_InitConfig0
                0x000073d0       0x38 ./Generated_Code/canCom1.o
                0x000073d0                canCom1_InitConfig0
 *(.init)
 *(.fini)
 *(.eh_frame)
                0x00007408                . = ALIGN (0x4)

.glue_7         0x00007408        0x0
 .glue_7        0x00007408        0x0 linker stubs

.glue_7t        0x00007408        0x0
 .glue_7t       0x00007408        0x0 linker stubs

.vfp11_veneer   0x00007408        0x0
 .vfp11_veneer  0x00007408        0x0 linker stubs

.v4_bx          0x00007408        0x0
 .v4_bx         0x00007408        0x0 linker stubs

.iplt           0x00007408        0x0
 .iplt          0x00007408        0x0 C:/NXP/S32DS_ARM_v2018.R1/S32DS/arm32_ewl2/lib/thumb/v7e-m/__arm_start.o

.rel.dyn        0x00007408        0x0
 .rel.iplt      0x00007408        0x0 C:/NXP/S32DS_ARM_v2018.R1/S32DS/arm32_ewl2/lib/thumb/v7e-m/__arm_start.o

.ARM            0x00007408        0x0
                0x00007408                __exidx_start = .
 *(.ARM.exidx*)
                0x00007408                __exidx_end = .
                0x00007408                __etext = .
                0x00007408                __DATA_ROM = .

.interrupts_ram
                0x1fff8000      0x400
                0x1fff8000                . = ALIGN (0x4)
                0x1fff8000                __VECTOR_RAM__ = .
                0x1fff8000                __RAM_START = .
                0x1fff8000                __interrupts_ram_start__ = .
 *(.m_interrupts_ram)
                0x1fff8400                . = (. + M_VECTOR_RAM_SIZE)
 *fill*         0x1fff8000      0x400 
                0x1fff8400                . = ALIGN (0x4)
                0x1fff8400                __interrupts_ram_end__ = .
                0x1fff8000                __VECTOR_RAM = DEFINED (__flash_vector_table__)?ORIGIN (m_interrupts):__VECTOR_RAM__
                0x00000400                __RAM_VECTOR_TABLE_SIZE = DEFINED (__flash_vector_table__)?0x0:(__interrupts_ram_end__ - __interrupts_ram_start__)

.data           0x1fff8400      0x218 load address 0x00007408
                0x1fff8400                . = ALIGN (0x4)
                0x1fff8400                __DATA_RAM = .
                0x1fff8400                __data_start__ = .
 *(.data)
 *(.data*)
 .data.peripheralClockConfig.6201
                0x1fff8400       0xa0 ./SDK/platform/drivers/src/clock/S32K1xx/clock_S32K1xx.o
 .data.pwrMan1_InitConfig1
                0x1fff84a0        0x2 ./Generated_Code/pwrMan1.o
                0x1fff84a0                pwrMan1_InitConfig1
 *fill*         0x1fff84a2        0x2 
 .data.pwrMan1_InitConfig2
                0x1fff84a4        0x2 ./Generated_Code/pwrMan1.o
                0x1fff84a4                pwrMan1_InitConfig2
 *fill*         0x1fff84a6        0x2 
 .data.pwrMan1_InitConfig3
                0x1fff84a8        0x2 ./Generated_Code/pwrMan1.o
                0x1fff84a8                pwrMan1_InitConfig3
 *fill*         0x1fff84aa        0x2 
 .data.pwrMan1_InitConfig4
                0x1fff84ac        0x2 ./Generated_Code/pwrMan1.o
                0x1fff84ac                pwrMan1_InitConfig4
 *fill*         0x1fff84ae        0x2 
 .data.pwrMan1_InitConfig5
                0x1fff84b0        0x2 ./Generated_Code/pwrMan1.o
                0x1fff84b0                pwrMan1_InitConfig5
 *fill*         0x1fff84b2        0x2 
 .data.powerConfigsArr
                0x1fff84b4       0x18 ./Generated_Code/pwrMan1.o
                0x1fff84b4                powerConfigsArr
 .data.g_pin_mux_InitConfigArr
                0x1fff84cc       0x90 ./Generated_Code/pin_mux.o
                0x1fff84cc                g_pin_mux_InitConfigArr
 .data.dmaController1Chn0_Config
                0x1fff855c       0x10 ./Generated_Code/dmaController1.o
                0x1fff855c                dmaController1Chn0_Config
 .data.peripheralClockConfig0
                0x1fff856c       0x2d ./Generated_Code/clockMan1.o
                0x1fff856c                peripheralClockConfig0
 *fill*         0x1fff8599        0x3 
 .data.clockMan1_InitConfig0
                0x1fff859c       0x78 ./Generated_Code/clockMan1.o
                0x1fff859c                clockMan1_InitConfig0
 .data.g_clockManConfigsArr
                0x1fff8614        0x4 ./Generated_Code/clockMan1.o
                0x1fff8614                g_clockManConfigsArr
                0x1fff8618                . = ALIGN (0x4)
                0x1fff8618                __data_end__ = .
                0x00007620                __DATA_END = (__DATA_ROM + (__data_end__ - __data_start__))
                0x00007620                __CODE_ROM = __DATA_END

.igot.plt       0x1fff8618        0x0 load address 0x00007620
 .igot.plt      0x1fff8618        0x0 C:/NXP/S32DS_ARM_v2018.R1/S32DS/arm32_ewl2/lib/thumb/v7e-m/__arm_start.o

.code           0x1fff8618        0x0 load address 0x00007620
                0x1fff8618                . = ALIGN (0x4)
                0x1fff8618                __CODE_RAM = .
                0x1fff8618                __code_start__ = .
                0x1fff8618                __code_ram_start__ = .
 *(.code_ram)
                0x1fff8618                . = ALIGN (0x4)
                0x1fff8618                __code_end__ = .
                0x1fff8618                __code_ram_end__ = .
                0x00007620                __CODE_END = (__CODE_ROM + (__code_end__ - __code_start__))
                0x00007620                __CUSTOM_ROM = __CODE_END

.customSectionBlock
                0x20000000        0x0 load address 0x00007620
                0x20000000                __customSection_start__ = .
 *(.customSection)
                0x20000000                __customSection_end__ = .
                0x00007620                __CUSTOM_END = (__CUSTOM_ROM + (__customSection_end__ - __customSection_start__))

.bss            0x20000000      0x2e8
                0x20000000                . = ALIGN (0x4)
                0x20000000                __BSS_START = .
                0x20000000                __bss_start__ = .
 *(.bss)
 *(.bss*)
 .bss.ledRequested
                0x20000000        0x1 ./Sources/main.o
                0x20000000                ledRequested
 .bss.rxMBdone  0x20000001        0x1 ./Sources/main.o
                0x20000001                rxMBdone
 .bss.rxFIFOdone
                0x20000002        0x1 ./Sources/main.o
                0x20000002                rxFIFOdone
 *fill*         0x20000003        0x1 
 .bss.s_osif_tick_cnt
                0x20000004        0x4 ./SDK/rtos/osif/osif_baremetal.o
 .bss.sysClkConfig
                0x20000008        0x8 ./SDK/platform/drivers/src/power/S32K1xx/power_manager_S32K1xx.o
 .bss.changeClkVlp
                0x20000010        0x1 ./SDK/platform/drivers/src/power/S32K1xx/power_manager_S32K1xx.o
 .bss.enableSPLL
                0x20000011        0x1 ./SDK/platform/drivers/src/power/S32K1xx/power_manager_S32K1xx.o
 .bss.enableFIRC
                0x20000012        0x1 ./SDK/platform/drivers/src/power/S32K1xx/power_manager_S32K1xx.o
 .bss.enableSOSC
                0x20000013        0x1 ./SDK/platform/drivers/src/power/S32K1xx/power_manager_S32K1xx.o
 .bss.g_interruptDisableCount
                0x20000014        0x4 ./SDK/platform/drivers/src/interrupt/interrupt_manager.o
 .bss.g_flexcanStatePtr
                0x20000018        0xc ./SDK/platform/drivers/src/flexcan/flexcan_driver.o
 .bss.s_virtEdmaState
                0x20000024        0x4 ./SDK/platform/drivers/src/edma/edma_driver.o
 .bss.g_clockState
                0x20000028       0x10 ./SDK/platform/drivers/src/clock/S32K1xx/clock_S32K1xx.o
 .bss.pwrMan1_InitConfig0
                0x20000038        0x2 ./Generated_Code/pwrMan1.o
                0x20000038                pwrMan1_InitConfig0
 *fill*         0x2000003a        0x2 
 .bss.powerStaticCallbacksConfigsArr
                0x2000003c        0x4 ./Generated_Code/pwrMan1.o
                0x2000003c                powerStaticCallbacksConfigsArr
 .bss.dmaController1_InitConfig0
                0x20000040        0x2 ./Generated_Code/dmaController1.o
                0x20000040                dmaController1_InitConfig0
 *fill*         0x20000042        0x2 
 .bss.g_clockManCallbacksArr
                0x20000044        0x4 ./Generated_Code/clockMan1.o
                0x20000044                g_clockManCallbacksArr
 *(COMMON)
 COMMON         0x20000048      0x118 ./Sources/main.o
                0x20000048                recvBuff2
                0x20000094                recvBuff1
                0x200000e0                filterTable
 COMMON         0x20000160       0x10 ./SDK/platform/drivers/src/power/S32K1xx/power_manager_S32K1xx.o
                0x20000160                gPowerManagerState
 COMMON         0x20000170       0x14 ./SDK/platform/drivers/src/clock/S32K1xx/clock_S32K1xx.o
                0x20000170                g_xtal0ClkFreq
                0x20000174                g_RtcClkInFreq
                0x20000178                g_TClkFreq
 COMMON         0x20000184       0x50 ./Generated_Code/dmaController1.o
                0x20000184                dmaController1_State
                0x200001c4                dmaController1Chn0_State
 COMMON         0x200001d4      0x114 ./Generated_Code/canCom1.o
                0x200001d4                canCom1_State
                0x200002e8                . = ALIGN (0x4)
                0x200002e8                __bss_end__ = .
                0x200002e8                __BSS_END = .

.heap           0x200002e8      0x400
                0x200002e8                . = ALIGN (0x8)
                0x200002e8                __end__ = .
                0x200002e8                __heap_start__ = .
                [!provide]                PROVIDE (end, .)
                [!provide]                PROVIDE (_end, .)
                [!provide]                PROVIDE (__end, .)
                0x200002e8                __HeapBase = .
                0x200006e8                . = (. + HEAP_SIZE)
 *fill*         0x200002e8      0x400 
                0x200006e8                __HeapLimit = .
                0x200006e8                __heap_limit = .
                0x200006e8                __heap_end__ = .
                0x20007000                __StackTop = (ORIGIN (m_data_2) + LENGTH (m_data_2))
                0x20006c00                __StackLimit = (__StackTop - STACK_SIZE)
                [!provide]                PROVIDE (__stack, __StackTop)
                0x20007000                __RAM_END = __StackTop

.stack          0x20006c00      0x400
                0x20006c00                . = ALIGN (0x8)
                0x20006c00                __stack_start__ = .
                0x20007000                . = (. + STACK_SIZE)
 *fill*         0x20006c00      0x400 
                0x20007000                __stack_end__ = .

.ARM.attributes
                0x00000000       0x31
 *(.ARM.attributes)
 .ARM.attributes
                0x00000000       0x33 ./Sources/main.o
 .ARM.attributes
                0x00000033       0x33 ./SDK/rtos/osif/osif_baremetal.o
 .ARM.attributes
                0x00000066       0x33 ./SDK/platform/drivers/src/power/power_manager.o
 .ARM.attributes
                0x00000099       0x33 ./SDK/platform/drivers/src/power/S32K1xx/power_smc_hw_access.o
 .ARM.attributes
                0x000000cc       0x33 ./SDK/platform/drivers/src/power/S32K1xx/power_manager_S32K1xx.o
 .ARM.attributes
                0x000000ff       0x33 ./SDK/platform/drivers/src/pins/pins_port_hw_access.o
 .ARM.attributes
                0x00000132       0x33 ./SDK/platform/drivers/src/pins/pins_driver.o
 .ARM.attributes
                0x00000165       0x33 ./SDK/platform/drivers/src/interrupt/interrupt_manager.o
 .ARM.attributes
                0x00000198       0x33 ./SDK/platform/drivers/src/flexcan/flexcan_irq.o
 .ARM.attributes
                0x000001cb       0x33 ./SDK/platform/drivers/src/flexcan/flexcan_hw_access.o
 .ARM.attributes
                0x000001fe       0x33 ./SDK/platform/drivers/src/flexcan/flexcan_driver.o
 .ARM.attributes
                0x00000231       0x33 ./SDK/platform/drivers/src/edma/edma_irq.o
 .ARM.attributes
                0x00000264       0x33 ./SDK/platform/drivers/src/edma/edma_hw_access.o
 .ARM.attributes
                0x00000297       0x33 ./SDK/platform/drivers/src/edma/edma_driver.o
 .ARM.attributes
                0x000002ca       0x33 ./SDK/platform/drivers/src/clock/S32K1xx/clock_S32K1xx.o
 .ARM.attributes
                0x000002fd       0x33 ./SDK/platform/devices/startup.o
 .ARM.attributes
                0x00000330       0x33 ./SDK/platform/devices/S32K144/startup/system_S32K144.o
 .ARM.attributes
                0x00000363       0x1b ./Project_Settings/Startup_Code/startup_S32K144.o
 .ARM.attributes
                0x0000037e       0x33 ./Generated_Code/pwrMan1.o
 .ARM.attributes
                0x000003b1       0x33 ./Generated_Code/pin_mux.o
 .ARM.attributes
                0x000003e4       0x33 ./Generated_Code/dmaController1.o
 .ARM.attributes
                0x00000417       0x33 ./Generated_Code/clockMan1.o
 .ARM.attributes
                0x0000044a       0x33 ./Generated_Code/canCom1.o
                0x00000001                ASSERT ((__StackLimit >= __HeapLimit), region m_data_2 overflowed with stack and heap)
OUTPUT(S32K144_FlexCAN_RXFIFO_SDK_RTM300.elf elf32-littlearm)

.debug_info     0x00000000    0x1c175
 .debug_info    0x00000000     0x2481 ./Sources/main.o
 .debug_info    0x00002481      0x8f1 ./SDK/rtos/osif/osif_baremetal.o
 .debug_info    0x00002d72      0x7b6 ./SDK/platform/drivers/src/power/power_manager.o
 .debug_info    0x00003528      0x8ce ./SDK/platform/drivers/src/power/S32K1xx/power_smc_hw_access.o
 .debug_info    0x00003df6     0x120d ./SDK/platform/drivers/src/power/S32K1xx/power_manager_S32K1xx.o
 .debug_info    0x00005003      0x845 ./SDK/platform/drivers/src/pins/pins_port_hw_access.o
 .debug_info    0x00005848     0x1129 ./SDK/platform/drivers/src/pins/pins_driver.o
 .debug_info    0x00006971      0x8a2 ./SDK/platform/drivers/src/interrupt/interrupt_manager.o
 .debug_info    0x00007213      0x154 ./SDK/platform/drivers/src/flexcan/flexcan_irq.o
 .debug_info    0x00007367     0x18fe ./SDK/platform/drivers/src/flexcan/flexcan_hw_access.o
 .debug_info    0x00008c65     0x3219 ./SDK/platform/drivers/src/flexcan/flexcan_driver.o
 .debug_info    0x0000be7e      0x522 ./SDK/platform/drivers/src/edma/edma_irq.o
 .debug_info    0x0000c3a0      0x911 ./SDK/platform/drivers/src/edma/edma_hw_access.o
 .debug_info    0x0000ccb1     0x29d8 ./SDK/platform/drivers/src/edma/edma_driver.o
 .debug_info    0x0000f689     0x3e52 ./SDK/platform/drivers/src/clock/S32K1xx/clock_S32K1xx.o
 .debug_info    0x000134db      0x45b ./SDK/platform/devices/startup.o
 .debug_info    0x00013936      0x50c ./SDK/platform/devices/S32K144/startup/system_S32K144.o
 .debug_info    0x00013e42       0x26 ./Project_Settings/Startup_Code/startup_S32K144.o
 .debug_info    0x00013e68     0x1fa9 ./Generated_Code/pwrMan1.o
 .debug_info    0x00015e11      0x3f4 ./Generated_Code/pin_mux.o
 .debug_info    0x00016205     0x1f90 ./Generated_Code/dmaController1.o
 .debug_info    0x00018195     0x2084 ./Generated_Code/clockMan1.o
 .debug_info    0x0001a219     0x1f5c ./Generated_Code/canCom1.o

.debug_abbrev   0x00000000     0x273a
 .debug_abbrev  0x00000000      0x23e ./Sources/main.o
 .debug_abbrev  0x0000023e      0x22c ./SDK/rtos/osif/osif_baremetal.o
 .debug_abbrev  0x0000046a      0x1d8 ./SDK/platform/drivers/src/power/power_manager.o
 .debug_abbrev  0x00000642      0x1c2 ./SDK/platform/drivers/src/power/S32K1xx/power_smc_hw_access.o
 .debug_abbrev  0x00000804      0x263 ./SDK/platform/drivers/src/power/S32K1xx/power_manager_S32K1xx.o
 .debug_abbrev  0x00000a67      0x194 ./SDK/platform/drivers/src/pins/pins_port_hw_access.o
 .debug_abbrev  0x00000bfb      0x23d ./SDK/platform/drivers/src/pins/pins_driver.o
 .debug_abbrev  0x00000e38      0x199 ./SDK/platform/drivers/src/interrupt/interrupt_manager.o
 .debug_abbrev  0x00000fd1       0x45 ./SDK/platform/drivers/src/flexcan/flexcan_irq.o
 .debug_abbrev  0x00001016      0x2a0 ./SDK/platform/drivers/src/flexcan/flexcan_hw_access.o
 .debug_abbrev  0x000012b6      0x2e9 ./SDK/platform/drivers/src/flexcan/flexcan_driver.o
 .debug_abbrev  0x0000159f      0x169 ./SDK/platform/drivers/src/edma/edma_irq.o
 .debug_abbrev  0x00001708      0x1cc ./SDK/platform/drivers/src/edma/edma_hw_access.o
 .debug_abbrev  0x000018d4      0x2af ./SDK/platform/drivers/src/edma/edma_driver.o
 .debug_abbrev  0x00001b83      0x2cd ./SDK/platform/drivers/src/clock/S32K1xx/clock_S32K1xx.o
 .debug_abbrev  0x00001e50      0x108 ./SDK/platform/devices/startup.o
 .debug_abbrev  0x00001f58      0x125 ./SDK/platform/devices/S32K144/startup/system_S32K144.o
 .debug_abbrev  0x0000207d       0x14 ./Project_Settings/Startup_Code/startup_S32K144.o
 .debug_abbrev  0x00002091      0x17c ./Generated_Code/pwrMan1.o
 .debug_abbrev  0x0000220d       0xcd ./Generated_Code/pin_mux.o
 .debug_abbrev  0x000022da      0x171 ./Generated_Code/dmaController1.o
 .debug_abbrev  0x0000244b      0x17e ./Generated_Code/clockMan1.o
 .debug_abbrev  0x000025c9      0x171 ./Generated_Code/canCom1.o

.debug_aranges  0x00000000     0x1230
 .debug_aranges
                0x00000000       0x48 ./Sources/main.o
 .debug_aranges
                0x00000048       0x98 ./SDK/rtos/osif/osif_baremetal.o
 .debug_aranges
                0x000000e0       0x68 ./SDK/platform/drivers/src/power/power_manager.o
 .debug_aranges
                0x00000148       0x50 ./SDK/platform/drivers/src/power/S32K1xx/power_smc_hw_access.o
 .debug_aranges
                0x00000198       0xc8 ./SDK/platform/drivers/src/power/S32K1xx/power_manager_S32K1xx.o
 .debug_aranges
                0x00000260       0x48 ./SDK/platform/drivers/src/pins/pins_port_hw_access.o
 .debug_aranges
                0x000002a8      0x188 ./SDK/platform/drivers/src/pins/pins_driver.o
 .debug_aranges
                0x00000430       0x70 ./SDK/platform/drivers/src/interrupt/interrupt_manager.o
 .debug_aranges
                0x000004a0       0x80 ./SDK/platform/drivers/src/flexcan/flexcan_irq.o
 .debug_aranges
                0x00000520      0x160 ./SDK/platform/drivers/src/flexcan/flexcan_hw_access.o
 .debug_aranges
                0x00000680      0x308 ./SDK/platform/drivers/src/flexcan/flexcan_driver.o
 .debug_aranges
                0x00000988       0xa8 ./SDK/platform/drivers/src/edma/edma_irq.o
 .debug_aranges
                0x00000a30       0x88 ./SDK/platform/drivers/src/edma/edma_hw_access.o
 .debug_aranges
                0x00000ab8      0x220 ./SDK/platform/drivers/src/edma/edma_driver.o
 .debug_aranges
                0x00000cd8      0x470 ./SDK/platform/drivers/src/clock/S32K1xx/clock_S32K1xx.o
 .debug_aranges
                0x00001148       0x20 ./SDK/platform/devices/startup.o
 .debug_aranges
                0x00001168       0x30 ./SDK/platform/devices/S32K144/startup/system_S32K144.o
 .debug_aranges
                0x00001198       0x20 ./Project_Settings/Startup_Code/startup_S32K144.o
 .debug_aranges
                0x000011b8       0x18 ./Generated_Code/pwrMan1.o
 .debug_aranges
                0x000011d0       0x18 ./Generated_Code/pin_mux.o
 .debug_aranges
                0x000011e8       0x18 ./Generated_Code/dmaController1.o
 .debug_aranges
                0x00001200       0x18 ./Generated_Code/clockMan1.o
 .debug_aranges
                0x00001218       0x18 ./Generated_Code/canCom1.o

.debug_ranges   0x00000000     0x10a0
 .debug_ranges  0x00000000       0x38 ./Sources/main.o
 .debug_ranges  0x00000038       0x88 ./SDK/rtos/osif/osif_baremetal.o
 .debug_ranges  0x000000c0       0x70 ./SDK/platform/drivers/src/power/power_manager.o
 .debug_ranges  0x00000130       0x40 ./SDK/platform/drivers/src/power/S32K1xx/power_smc_hw_access.o
 .debug_ranges  0x00000170       0xb8 ./SDK/platform/drivers/src/power/S32K1xx/power_manager_S32K1xx.o
 .debug_ranges  0x00000228       0x38 ./SDK/platform/drivers/src/pins/pins_port_hw_access.o
 .debug_ranges  0x00000260      0x178 ./SDK/platform/drivers/src/pins/pins_driver.o
 .debug_ranges  0x000003d8       0x60 ./SDK/platform/drivers/src/interrupt/interrupt_manager.o
 .debug_ranges  0x00000438       0x70 ./SDK/platform/drivers/src/flexcan/flexcan_irq.o
 .debug_ranges  0x000004a8      0x150 ./SDK/platform/drivers/src/flexcan/flexcan_hw_access.o
 .debug_ranges  0x000005f8      0x2f8 ./SDK/platform/drivers/src/flexcan/flexcan_driver.o
 .debug_ranges  0x000008f0       0x98 ./SDK/platform/drivers/src/edma/edma_irq.o
 .debug_ranges  0x00000988       0x78 ./SDK/platform/drivers/src/edma/edma_hw_access.o
 .debug_ranges  0x00000a00      0x210 ./SDK/platform/drivers/src/edma/edma_driver.o
 .debug_ranges  0x00000c10      0x460 ./SDK/platform/drivers/src/clock/S32K1xx/clock_S32K1xx.o
 .debug_ranges  0x00001070       0x10 ./SDK/platform/devices/startup.o
 .debug_ranges  0x00001080       0x20 ./SDK/platform/devices/S32K144/startup/system_S32K144.o

.debug_macro    0x00000000    0x21c37
 .debug_macro   0x00000000      0x26a ./Sources/main.o
 .debug_macro   0x0000026a      0x8d4 ./Sources/main.o
 .debug_macro   0x00000b3e       0x52 ./Sources/main.o
 .debug_macro   0x00000b90       0xa0 ./Sources/main.o
 .debug_macro   0x00000c30       0x16 ./Sources/main.o
 .debug_macro   0x00000c46       0x10 ./Sources/main.o
 .debug_macro   0x00000c56       0x73 ./Sources/main.o
 .debug_macro   0x00000cc9       0x19 ./Sources/main.o
 .debug_macro   0x00000ce2       0x64 ./Sources/main.o
 .debug_macro   0x00000d46      0x185 ./Sources/main.o
 .debug_macro   0x00000ecb      0x140 ./Sources/main.o
 .debug_macro   0x0000100b       0x9d ./Sources/main.o
 .debug_macro   0x000010a8       0x10 ./Sources/main.o
 .debug_macro   0x000010b8      0x15b ./Sources/main.o
 .debug_macro   0x00001213       0x28 ./Sources/main.o
 .debug_macro   0x0000123b       0x58 ./Sources/main.o
 .debug_macro   0x00001293     0xed1d ./Sources/main.o
 .debug_macro   0x0000ffb0      0xb86 ./Sources/main.o
 .debug_macro   0x00010b36       0x22 ./Sources/main.o
 .debug_macro   0x00010b58       0x83 ./Sources/main.o
 .debug_macro   0x00010bdb       0x16 ./Sources/main.o
 .debug_macro   0x00010bf1       0x16 ./Sources/main.o
 .debug_macro   0x00010c07       0x16 ./Sources/main.o
 .debug_macro   0x00010c1d       0x16 ./Sources/main.o
 .debug_macro   0x00010c33       0x10 ./Sources/main.o
 .debug_macro   0x00010c43       0x28 ./Sources/main.o
 .debug_macro   0x00010c6b       0x16 ./Sources/main.o
 .debug_macro   0x00010c81       0x16 ./Sources/main.o
 .debug_macro   0x00010c97       0x16 ./Sources/main.o
 .debug_macro   0x00010cad      0x15f ./SDK/rtos/osif/osif_baremetal.o
 .debug_macro   0x00010e0c     0xed32 ./SDK/rtos/osif/osif_baremetal.o
 .debug_macro   0x0001fb3e      0x132 ./SDK/platform/drivers/src/power/power_manager.o
 .debug_macro   0x0001fc70      0x1af ./SDK/platform/drivers/src/power/power_manager.o
 .debug_macro   0x0001fe1f      0x138 ./SDK/platform/drivers/src/power/S32K1xx/power_smc_hw_access.o
 .debug_macro   0x0001ff57      0x171 ./SDK/platform/drivers/src/power/S32K1xx/power_manager_S32K1xx.o
 .debug_macro   0x000200c8      0x13c ./SDK/platform/drivers/src/pins/pins_port_hw_access.o
 .debug_macro   0x00020204      0x142 ./SDK/platform/drivers/src/pins/pins_driver.o
 .debug_macro   0x00020346       0xeb ./SDK/platform/drivers/src/interrupt/interrupt_manager.o
 .debug_macro   0x00020431       0xeb ./SDK/platform/drivers/src/flexcan/flexcan_irq.o
 .debug_macro   0x0002051c      0x1a9 ./SDK/platform/drivers/src/flexcan/flexcan_hw_access.o
 .debug_macro   0x000206c5       0x10 ./SDK/platform/drivers/src/flexcan/flexcan_hw_access.o
 .debug_macro   0x000206d5       0x1c ./SDK/platform/drivers/src/flexcan/flexcan_hw_access.o
 .debug_macro   0x000206f1      0x186 ./SDK/platform/drivers/src/flexcan/flexcan_hw_access.o
 .debug_macro   0x00020877      0x1df ./SDK/platform/drivers/src/flexcan/flexcan_driver.o
 .debug_macro   0x00020a56      0x134 ./SDK/platform/drivers/src/edma/edma_irq.o
 .debug_macro   0x00020b8a      0x130 ./SDK/platform/drivers/src/edma/edma_hw_access.o
 .debug_macro   0x00020cba      0x15b ./SDK/platform/drivers/src/edma/edma_driver.o
 .debug_macro   0x00020e15      0x2f3 ./SDK/platform/drivers/src/clock/S32K1xx/clock_S32K1xx.o
 .debug_macro   0x00021108       0xea ./SDK/platform/devices/startup.o
 .debug_macro   0x000211f2       0x40 ./SDK/platform/devices/startup.o
 .debug_macro   0x00021232       0xea ./SDK/platform/devices/S32K144/startup/system_S32K144.o
 .debug_macro   0x0002131c      0x1ed ./Generated_Code/pwrMan1.o
 .debug_macro   0x00021509       0x1c ./Generated_Code/pwrMan1.o
 .debug_macro   0x00021525       0x10 ./Generated_Code/pwrMan1.o
 .debug_macro   0x00021535       0x10 ./Generated_Code/pwrMan1.o
 .debug_macro   0x00021545      0x141 ./Generated_Code/pin_mux.o
 .debug_macro   0x00021686      0x1e7 ./Generated_Code/dmaController1.o
 .debug_macro   0x0002186d      0x1e3 ./Generated_Code/clockMan1.o
 .debug_macro   0x00021a50      0x1e7 ./Generated_Code/canCom1.o

.debug_line     0x00000000     0x9d56
 .debug_line    0x00000000      0x6ef ./Sources/main.o
 .debug_line    0x000006ef      0x570 ./SDK/rtos/osif/osif_baremetal.o
 .debug_line    0x00000c5f      0x53f ./SDK/platform/drivers/src/power/power_manager.o
 .debug_line    0x0000119e      0x456 ./SDK/platform/drivers/src/power/S32K1xx/power_smc_hw_access.o
 .debug_line    0x000015f4      0x7c9 ./SDK/platform/drivers/src/power/S32K1xx/power_manager_S32K1xx.o
 .debug_line    0x00001dbd      0x4bd ./SDK/platform/drivers/src/pins/pins_port_hw_access.o
 .debug_line    0x0000227a      0x770 ./SDK/platform/drivers/src/pins/pins_driver.o
 .debug_line    0x000029ea      0x485 ./SDK/platform/drivers/src/interrupt/interrupt_manager.o
 .debug_line    0x00002e6f      0x3dd ./SDK/platform/drivers/src/flexcan/flexcan_irq.o
 .debug_line    0x0000324c      0xb3a ./SDK/platform/drivers/src/flexcan/flexcan_hw_access.o
 .debug_line    0x00003d86      0xff9 ./SDK/platform/drivers/src/flexcan/flexcan_driver.o
 .debug_line    0x00004d7f      0x51d ./SDK/platform/drivers/src/edma/edma_irq.o
 .debug_line    0x0000529c      0x576 ./SDK/platform/drivers/src/edma/edma_hw_access.o
 .debug_line    0x00005812      0xcec ./SDK/platform/drivers/src/edma/edma_driver.o
 .debug_line    0x000064fe     0x175b ./SDK/platform/drivers/src/clock/S32K1xx/clock_S32K1xx.o
 .debug_line    0x00007c59      0x27e ./SDK/platform/devices/startup.o
 .debug_line    0x00007ed7      0x359 ./SDK/platform/devices/S32K144/startup/system_S32K144.o
 .debug_line    0x00008230       0x8f ./Project_Settings/Startup_Code/startup_S32K144.o
 .debug_line    0x000082bf      0x5c3 ./Generated_Code/pwrMan1.o
 .debug_line    0x00008882      0x382 ./Generated_Code/pin_mux.o
 .debug_line    0x00008c04      0x5ca ./Generated_Code/dmaController1.o
 .debug_line    0x000091ce      0x5c5 ./Generated_Code/clockMan1.o
 .debug_line    0x00009793      0x5c3 ./Generated_Code/canCom1.o

.debug_str      0x00000000    0x74200
 .debug_str     0x00000000    0x6d0d3 ./Sources/main.o
                              0x6d476 (size before relaxing)
 .debug_str     0x0006d0d3      0x202 ./SDK/rtos/osif/osif_baremetal.o
                              0x6a436 (size before relaxing)
 .debug_str     0x0006d2d5      0x218 ./SDK/platform/drivers/src/power/power_manager.o
                              0x6a1f0 (size before relaxing)
 .debug_str     0x0006d4ed      0x37d ./SDK/platform/drivers/src/power/S32K1xx/power_smc_hw_access.o
                              0x6a095 (size before relaxing)
 .debug_str     0x0006d86a      0x4b0 ./SDK/platform/drivers/src/power/S32K1xx/power_manager_S32K1xx.o
                              0x6ac93 (size before relaxing)
 .debug_str     0x0006dd1a      0x34b ./SDK/platform/drivers/src/pins/pins_port_hw_access.o
                              0x69b04 (size before relaxing)
 .debug_str     0x0006e065      0x4e8 ./SDK/platform/drivers/src/pins/pins_driver.o
                              0x6a5cd (size before relaxing)
 .debug_str     0x0006e54d      0x1d6 ./SDK/platform/drivers/src/interrupt/interrupt_manager.o
                              0x69ace (size before relaxing)
 .debug_str     0x0006e723      0x18b ./SDK/platform/drivers/src/flexcan/flexcan_irq.o
                              0x693da (size before relaxing)
 .debug_str     0x0006e8ae     0x14c1 ./SDK/platform/drivers/src/flexcan/flexcan_hw_access.o
                              0x6b48e (size before relaxing)
 .debug_str     0x0006fd6f      0xd27 ./SDK/platform/drivers/src/flexcan/flexcan_driver.o
                              0x6cd08 (size before relaxing)
 .debug_str     0x00070a96      0x231 ./SDK/platform/drivers/src/edma/edma_irq.o
                              0x696ec (size before relaxing)
 .debug_str     0x00070cc7      0x419 ./SDK/platform/drivers/src/edma/edma_hw_access.o
                              0x69a15 (size before relaxing)
 .debug_str     0x000710e0      0xba7 ./SDK/platform/drivers/src/edma/edma_driver.o
                              0x6c066 (size before relaxing)
 .debug_str     0x00071c87     0x20a4 ./SDK/platform/drivers/src/clock/S32K1xx/clock_S32K1xx.o
                              0x6d4af (size before relaxing)
 .debug_str     0x00073d2b      0x35a ./SDK/platform/devices/startup.o
                              0x6971c (size before relaxing)
 .debug_str     0x00074085       0xa7 ./SDK/platform/devices/S32K144/startup/system_S32K144.o
                              0x69505 (size before relaxing)
 .debug_str     0x0007412c       0x3f ./Project_Settings/Startup_Code/startup_S32K144.o
                                 0x94 (size before relaxing)
 .debug_str     0x0007416b       0x1c ./Generated_Code/pwrMan1.o
                              0x6cb22 (size before relaxing)
 .debug_str     0x00074187       0x1c ./Generated_Code/pin_mux.o
                              0x697d1 (size before relaxing)
 .debug_str     0x000741a3       0x23 ./Generated_Code/dmaController1.o
                              0x6cb29 (size before relaxing)
 .debug_str     0x000741c6       0x1e ./Generated_Code/clockMan1.o
                              0x6cfbc (size before relaxing)
 .debug_str     0x000741e4       0x1c ./Generated_Code/canCom1.o
                              0x6cb22 (size before relaxing)

.comment        0x00000000       0xa0
 .comment       0x00000000       0xa0 ./Sources/main.o
                                 0xa1 (size before relaxing)
 .comment       0x000000a0       0xa1 ./SDK/rtos/osif/osif_baremetal.o
 .comment       0x000000a0       0xa1 ./SDK/platform/drivers/src/power/power_manager.o
 .comment       0x000000a0       0xa1 ./SDK/platform/drivers/src/power/S32K1xx/power_smc_hw_access.o
 .comment       0x000000a0       0xa1 ./SDK/platform/drivers/src/power/S32K1xx/power_manager_S32K1xx.o
 .comment       0x000000a0       0xa1 ./SDK/platform/drivers/src/pins/pins_port_hw_access.o
 .comment       0x000000a0       0xa1 ./SDK/platform/drivers/src/pins/pins_driver.o
 .comment       0x000000a0       0xa1 ./SDK/platform/drivers/src/interrupt/interrupt_manager.o
 .comment       0x000000a0       0xa1 ./SDK/platform/drivers/src/flexcan/flexcan_irq.o
 .comment       0x000000a0       0xa1 ./SDK/platform/drivers/src/flexcan/flexcan_hw_access.o
 .comment       0x000000a0       0xa1 ./SDK/platform/drivers/src/flexcan/flexcan_driver.o
 .comment       0x000000a0       0xa1 ./SDK/platform/drivers/src/edma/edma_irq.o
 .comment       0x000000a0       0xa1 ./SDK/platform/drivers/src/edma/edma_hw_access.o
 .comment       0x000000a0       0xa1 ./SDK/platform/drivers/src/edma/edma_driver.o
 .comment       0x000000a0       0xa1 ./SDK/platform/drivers/src/clock/S32K1xx/clock_S32K1xx.o
 .comment       0x000000a0       0xa1 ./SDK/platform/devices/startup.o
 .comment       0x000000a0       0xa1 ./SDK/platform/devices/S32K144/startup/system_S32K144.o
 .comment       0x000000a0       0xa1 ./Generated_Code/pwrMan1.o
 .comment       0x000000a0       0xa1 ./Generated_Code/pin_mux.o
 .comment       0x000000a0       0xa1 ./Generated_Code/dmaController1.o
 .comment       0x000000a0       0xa1 ./Generated_Code/clockMan1.o
 .comment       0x000000a0       0xa1 ./Generated_Code/canCom1.o

.debug_frame    0x00000000     0x4c6c
 .debug_frame   0x00000000       0xd8 ./Sources/main.o
 .debug_frame   0x000000d8      0x23c ./SDK/rtos/osif/osif_baremetal.o
 .debug_frame   0x00000314      0x174 ./SDK/platform/drivers/src/power/power_manager.o
 .debug_frame   0x00000488      0x120 ./SDK/platform/drivers/src/power/S32K1xx/power_smc_hw_access.o
 .debug_frame   0x000005a8      0x330 ./SDK/platform/drivers/src/power/S32K1xx/power_manager_S32K1xx.o
 .debug_frame   0x000008d8       0xf8 ./SDK/platform/drivers/src/pins/pins_port_hw_access.o
 .debug_frame   0x000009d0      0x6dc ./SDK/platform/drivers/src/pins/pins_driver.o
 .debug_frame   0x000010ac      0x1b8 ./SDK/platform/drivers/src/interrupt/interrupt_manager.o
 .debug_frame   0x00001264      0x17c ./SDK/platform/drivers/src/flexcan/flexcan_irq.o
 .debug_frame   0x000013e0      0x644 ./SDK/platform/drivers/src/flexcan/flexcan_hw_access.o
 .debug_frame   0x00001a24      0xe58 ./SDK/platform/drivers/src/flexcan/flexcan_driver.o
 .debug_frame   0x0000287c      0x21c ./SDK/platform/drivers/src/edma/edma_irq.o
 .debug_frame   0x00002a98      0x23c ./SDK/platform/drivers/src/edma/edma_hw_access.o
 .debug_frame   0x00002cd4      0x9bc ./SDK/platform/drivers/src/edma/edma_driver.o
 .debug_frame   0x00003690     0x1524 ./SDK/platform/drivers/src/clock/S32K1xx/clock_S32K1xx.o
 .debug_frame   0x00004bb4       0x38 ./SDK/platform/devices/startup.o
 .debug_frame   0x00004bec       0x80 ./SDK/platform/devices/S32K144/startup/system_S32K144.o
